0ad-0.0.17
0ad-0.0.20
2mandvd-1.8.5
4pane-2.0
4stAttack-2.1.4
7kaa-2.14.3
AfterStep-2.2.11
BitTornado-0.3.18
BomberInstinct-0.8.9
ExEf-1.70
Maelstrom-3.0.6
OilWar-1.2.1
OpenDX-4.4.4
OpenPilot-15.02.01
Osmo4-0.5.2
R-core-3.2.2
SVGCleaner-0.1
SpiralSynth-2.0.0
SweetHome3D-4.4
TeXmacs-1.99.2
TiMidity++-2.14.2
VMware-Player
VOCP-0.9.3
VOCP-web-0.9.3
abe-1.1
abiword-3.0.1
abuse_sdl-0.8
ac3jack-2.0.3
accerciser-3.14.0
acetoneiso-2.3
acidrip-0.14
acoustid-fingerprinter-0.6
adonthell-wastesedge-0.3.4
aeolus-0.9.0
afce-0.9.7
agave-0.4.7
airfart-0.2.1
airstrike-1.0
aisleriot-3.18.2
akonadi-kde4-4.14.10
akonadiconsole-16.04.1
akregator-16.04.1
alacarte-3.11.91
albumshaper-2.1
alevt-1.6.1
alienblaster-1.1.0
alienpool-0.2.0
alleyoop-0.9.8
alltray-0.71b
alsa-tools-1.1.0
alsamixergui-0.9.0
amarok-2.8.90
amide-1.0.1
amoebax-0.2.1
ams-2.0.1
amsynth-1.3.1
amule-2.3.1
amyedit-1.0
android-file-transfer-2.3
angelwars-0.24
animata-004
anjuta-3.18.2
anki-1.2.11
ant-phone-0.2.1
aoi-2.8.1
apper-0.9.2
aqemu-0.8.2
aqsis-1.8.2
arandr-0.1.7.1
aravis-0.3.7
ardentryst-1.71
ardesia-1.2
ardour-2.8.16
ardour3-3.3
ardour4-4.7.0
arduino-1.0.1
ariamaestosa-1.4.11
ario-1.5.1
arista-0.9.7
ark-16.04.1
armagetron-0.2.8.3.3
arnold-0.20090317
arora-0.11.0
artikulate-16.04.1
arx-libertatis-1.1.2
asc-2.5.0.0
ascii-design-1.1.1
asteroids3D-0.5.1
astromenace-1.3.2
asunder-2.8
atanks-5.7
atari800-common-3.0.0
aterm-1.0.1
atomix-3.18.0
atril-1.8.1
audacious-3.7.1
audacity-2.1.2
audex-0.74b1
audio-recorder-1.3
aumix-2.9.1
auteur-0.1a7
authconfig-gtk-6.2.10
autozen-2.1
avahi-x11-0.6.31
avahi-x11-0.6.32
avant-window-navigator-0.4.0
avidemux-qt-2.6.10
avidemux-qt-2.6.12
avogadro-1.1.1
aweather-0.7
ayttm-0.6.2
b-em-2.2
backintime-gnome-1.0.34
backintime-kde4-1.0.34
bacula-bat-5.2.13
bacula-console-wx-5.2.13
bacula-gui-brestore-5.2.13
bacula-tray-monitor-5.2.13
balazar-0.3.4
balazarbrothers-0.3.1
balsa-2.5.2
bangarang-2.1
baobab-3.18.1
barrage-1.0.4
barry-gui-0.18.4
basket-1.81
bbkeys-0.9.1
bbrun-1.6
beast-0.8.2
beebem-0.0.13
beneath-a-steel-sky-1.2
berusky-1.4
bibletime-2.9.2
bijiben-3.18.2
billreminder-0.4.0
biloba-0.9.3
bino-1.6.3
bitcoin-qt-0.12.1
bkchem-0.14.0
bleachbit-1.0
blender-2.76b
blinken-16.04.1
bloboats-1.0.2
blobwars-1.19
blogilo-16.04.1
blogtk-2.0
bluedevil-2.1.1
bluedevil5-5.6.4
bluefish-2.2.4
bluegriffon-1.7.2
blueman-1.23
bluemindo-0.3
blueproximity-1.2.5
boa-constructor-0.6.1
bobobot-0
boinc-manager-7.2.42
bomber-16.04.1
bos-2.6.1
bouml-4.22.2
bovo-16.04.1
brainparty-0.61
brasero-3.12.1
briquolo-0.5.7
briskola-1.0.0
bristol-arp2600-0.60.9
bristol-axxe-0.60.9
bristol-b3-0.60.9
bristol-bit100-0.60.9
bristol-bit99-0.60.9
bristol-bitone-0.60.9
bristol-bm-0.60.9
bristol-bme700-0.60.9
bristol-dx-0.60.9
bristol-explorer-0.60.9
bristol-juno-0.60.9
bristol-jupiter-0.60.9
bristol-memory-0.60.9
bristol-mg1-0.60.9
bristol-mini-0.60.9
bristol-mono-0.60.9
bristol-monopoly-0.60.9
bristol-obx-0.60.9
bristol-obxa-0.60.9
bristol-odyssey-0.60.9
bristol-poly800-0.60.9
bristol-polysix-0.60.9
bristol-pro1-0.60.9
bristol-pro10-0.60.9
bristol-pro52-0.60.9
bristol-prophet-0.60.9
bristol-rhodes-0.60.9
bristol-rhodesbass-0.60.9
bristol-roadrunner-0.60.9
bristol-sidney-0.60.9
bristol-solina-0.60.9
bristol-sonic6-0.60.9
bristol-stratus-0.60.9
bristol-trilogy-0.60.9
bristol-vox-0.60.9
bristol-voxM2-0.60.9
bristol-voyager-0.60.9
brutalchess-0.5.2
bsc-4.1.0
bsh-utils-1.3.0
bsnes-gtk-accuracy-0.088
bsnes-gtk-compatibility-0.088
bsnes-gtk-performance-0.088
bsnes-qt4-accuracy-0.088
bsnes-qt4-compatibility-0.088
bsnes-qt4-performance-0.088
btanks-0.9.8083
bubblemon-1.46
bubbros-1.6
bugsquish-0.0.6
bumprace-1.5.3
burgerspace-1.9.2
bygfoot-2.3.2
byobu-5.43
bzr-gtk-0.104.0
caboodle-0.5
caffeine-2.2.386
cairo-clock-0.3.4
cairo-dock-3.4.1
caja-1.8.2
calamares-2.2.2
calamares-2.2.3
calf-0.0.19
calibre-2.45.0
calibre-2.59.0
callgit-2.1
calligra
calligra-active-2.9.11
calligra-author-2.9.11
calligra-braindump-2.9.11
calligra-core-2.9.11
calligra-flow-2.9.11
calligra-karbon-2.9.11
calligra-kexi-2.9.11
calligra-okular-odp-2.9.11
calligra-okular-odt-2.9.11
calligra-plan-2.9.11
calligra-sheets-2.9.11
calligra-stage-2.9.11
calligra-words-2.9.11
camorama-0.19
canonutil-0.07
cantata-1.5.2
cantor-16.04.1
caprice32-4.2.0
carmetal-3.7.1
catfish-0.6.4
ccsm0.8-0.8.8
cdemu-client-2.1.1
cdvst-0.18
celestia-1.6.1
cellwriter-1.3.5
centerim5-5.0.0beta2
cervisia-16.04.1
cgoban1-1.9.14
chbg-2.0.1
cheese-3.18.1
chemtool-1.6.13
chemtool-1.6.14
chessx-0.8
childsplay-1.6
chocolate-doom-1.7.0
choqok-1.5
chromium-browser-dev-51.0.2700.0
chromium-browser-dev-52.0.2716.0
chromium-browser-dev-52.0.2729.3
chromium-browser-stable-50.0.2661.102
chromium-browser-stable-51.0.2704.79
chromium-bsu-0.9.15.1
cinnamon-2.6.2
cinnamon-control-center-2.6.0
cinnamon-screensaver-2.6.0
cinnamon-settings-daemon-2.6.0
circuslinux-1.0.3
cirkuit-0.4.3
clamtk-5.18
clamz-0.5
clanbomber-1.05
clanbomber2-0.9.1
clauer-3.0.2
claws-mail-3.13.1
clementine-1.3.1
clustalx-2.1
cmake-qtgui-3.5.2
codelite-5.4
codicefiscale-2.0
colord-kde-0.3.0
colorhug-client-0.2.1
comex-gtk-0.1.6.2
comex-qt-0.1.6.2
configure-thinkpad-0.9
configure-trackpoint-0.6
congruity-18
contactthemeeditor-16.04.1
converseen-0.7.3
cooledit-3.17.17
coolreader3-3.0.56
copyq-2.4.7
coquillo-1.12
coralftp-0.2.2
corsixth-0.30
cowbell-0.2.7.1
crack-attack-1.1.14
cream-0.42
crimson-fields-0.5.3
crossfire-client-1.70.0
crosti-1.7.0
crrcsim-0.9.12
cryptkeeper-0.9.5
csmash-0.6.6
csoundqt-0.9.1
cups-2.0.3
cups-2.1.3
cursor_themes-0.0.5
curtain-0.3
cutecom-0.22.0
cuyo-2.1.1
cvassistant-2.0.0
d-feet-0.3.10
d1x-rebirth-gl-0.58.1
d1x-rebirth-sdl-0.58.1
d2x-rebirth-gl-0.58.1
d2x-rebirth-sdl-0.58.1
d2x-xl-1.15.341
dangerdeep-0.3.0
dap-2.1.5
dark-oberon-1.0.2
darktable-1.4.2
dasher-4.11
dayplanner-0.11
dccnitghtmare-0.8
dcmo5-11.2
dconf-editor-3.18.2
dcto9p-11.0
ddccontrol-0.4.2
ddd-3.3.12
deadbeef-0.6.1
decibel-audio-player-1.07
declarative-plasmoids-4.8
defendguin-0.0.12
delaboratory-0.8
deluge-1.3.10
denemo-1.1.8
desktop-common-data-3.0
desmume-0.9.10
desmume-glade-0.9.10
devede-3.22.0
devhelp-3.18.1
devicesync-0.1
dfm-0.5
dia-0.97.3
digger-20121207
digikam-5.0.0
dikt-2.0g
dillo-3.0.4.1
ding-1.7
dino-0.2.8
discover-5.6.4
disksearch-1.2.1
dispcalGUI-1.7.5.7
distcc-gnome-monitor-2.18.3
dogtail-0.7.0
dogtail-0.9.0
dolphin-16.04.1
dolphin-emu-4.0.2
dopewars-1.5.12
dosbox-0.74
dragon-16.04.1
dragonmemory-1.0
drakbt-0.17.5
drakconf-13.4
drakfax-0.17.3
drakfon-0.6
drakmenustyle-0.14.1
drakmsync-0.6.1
drakpxelinux-1.2.1
drakstats-0.23.2
drakx-net-2.23
drakx-net-applet-2.23
drakxtools-curses-16.68
drascula-1.0
drcss-3.1.0.320
dreamchess-0.2.0
driconf-0.9.1
dropbox-2015.10.28
drpython-3.11.1
drumstick-examples-0.5.0
drumstick-examples-1.0.2
dsgui-1.6.3
dunelegacy-0.96.2
dvda-author-09.09
dvda-author-gui-09.02
dvdstyler-2.9.6
e-0.18.7
easychem-0.6
easytag-2.4.0
eatmonkey-0.1.4
eboard-1.1.1
ebview-0.3.6.2
ecasound-2.9.1
ecl-13.5.1
eclectus-0.2
eclipse-cdt-8.5.0
eclipse-platform-4.4.1
econnman-1.1
ecrire-0.1.0
ecryptfs-utils-103
edb-debugger-0.9.20
ede-2.0
editje-0.9.3
edje_viewer-1.1.0
eduke32-console-2.0.4svn3303
eduke32-gui-2.0.4svn3303
eee-control-0.9.6
efax-gtk-3.2.10
egoboo-2.8.1
eiciel-0.9.8.2
eid-mw-4.1.12
eid-viewer-4.1.16
einstein-2.0
eiskaltdcpp-gtk-2.2.9
eiskaltdcpp-qt-2.2.9
ekiga-4.0.1
elementary-1.13.2
emacs-24.3
emacs-24.5
emelfm-0.9.2.1
emerald-0.8.8
emote-0.0.1
empathy-3.12.11
engrampa-1.8.1
enigma-1.20
enjoy-0.1.0
enki-0.6.0
enlightenment-1.0.14
eog-3.18.1
eom-1.8.0
epdfview-0.1.8
ephoto-0.1.1.79722
epic4-2.10.1
epiphany-3.18.3
epour-0.5.2.0
epsxe-1.6.0
epsxe1.9-1.9.0
eqonomize-0.6
equate-0.99.0
eric-4.5.7
ermixer-0.8
eruler-0.1.0
esvn-0.6.12
eterm-0.9.6
eternallands-1.9.3
etherape-0.9.12
etswitch-0.1.14
evince-3.18.2
evolution-3.18.3
exelearning-1.04.0.3532
exmplayer-3.2.0
exo-0.10.4
expedite-1.7.9
extremetuxracer-0.6.0
eyesight-0.1.4
farm-frenzy-1.0
farm-frenzy-2-1.0
farm-frenzy-3-1.0
farm-frenzy-russian-roulette-1.0
fbdesk-1.4.1
fbreader-0.99.5
fbzx-2.10.0
fceux-2.2.2
fcitx-4.2.9.1
fcitx-configtool-4.2.9.1
fcitx-ui-4.2.9.1
feff-1.9.1
feh-2.9.3
fet-5.18.2
fetchmailconf-6.3.26
ffado-2.1.0
ffdiaporama-2.0.1
fglrx-control-center-15.200.1046
fgrun-3.4.0
fheroes2-20150413
file-roller-3.16.1
file-roller-3.16.4
filelight-16.04.1
files-app-0.0.0
filezilla-3.16.1
fillets-ng-1.0.1
firefox-47.0
firewall-config-0.4.1.2
firewall-config-0.4.2
fityk-0.9.8
five-or-more-3.18.0
flamerobin-0.9.2
flare-15.1
flash-player-plugin-11.2.202.621
flash-player-plugin-11.2.202.626
flash-player-plugin-preview-11.2.202.350
flaw-1.3.2
fldigi-3.21.61
flight-of-the-amazon-queen-1.0.0
flightgear-2016.1.1
florence-0.6.3
flowblade-0.18.0
flphoto-1.3.1
flrig-1.3.16
fluxstyle-1.0.1
focuswriter-1.5.4.1
fontforge-20150612
foo-yc20-1.3.0
foobillard-3.0a
foobnix-2.6.03
fotowall-0.9
fotoxx-12.08
four-in-a-row-3.18.2
fox-example-apps-1.7.52
fred-0.1.1
freebirth-0.3.2
freeciv-client-2.5.1
freeciv-server-2.5.1
freecol-0.11.6
freediams-0.7.6
freedroid-1.0.2
freedroidrpg-0.15
freego-4.5
freemedforms-0.7.6
freeplayer-20070531
freesynd-0.7.1
freetuxtv-0.6.6
freevo-1.9.0
freewheeling-0.6
freqtweak-0.7.2
frescobaldi-2.19.0
fretscale-2.0
fretsonfire-1.3.110
fricas-1.1.8
fricorder-0.6
frodo-4.2
frogr-0.11
frostwire-5.7.1
frozen-bubble-2.212.0
fs-uae-2.2.2
fslint-2.42
fte-0.50
furiusisomount-0.11.3.1
fuse-emulator-1.1.1
fusion-icon-0.1
fwbackups-1.43.4
fwbuilder-5.1.0.3599
fyre-1.0.1
gadmin-bind-0.2.5
gadmin-dhcpd-0.5.2
gadmin-httpd-0.1.4
gadmin-openvpn-client-0.1.5
gadmin-openvpn-server-0.1.5
gadmin-proftpd-0.4.2
gadmin-rsync-0.1.7
gadmin-samba-0.3.0
gadmin-squid-0.1.3
galan-0.3.0
gamazons-0.83
gambas3-ide-3.8.4
gambatte-0.5.0
gameandwatch-0.3
ganyremote-6.1
gap-core-4.7.2
gapcmon-0.8.9
garlic-1.6
gastman-1.0
gaupol-0.19.2
gav-0.9.0
gcad3d-2.28
gcdemu-2.1.1
gcin-2.8.3
gcolor2-0.4
gcombust-0.1.55
gcompris-15.02
gconf-editor-2.32.0
gcr-3.18.0
gcstar-1.7.0
gcue2tracks-0.5.2
gdeskcal-1.01
gdevilspie-0.5
geany-1.27
geda-gattrib-1.8.1
geda-gschem-1.8.1
gedit-3.18.2
gedit-root-1.0
geeqie-1.1
gelide-0.1.5
gemdropx-0.9
gemrb-0.8.0.1
gens-2.15.5
gens-gs-2.16.7
geoclue-2.2.0
geogebra-3.2.47.0
gerbv-2.6.0
get-skype-4.3.0.37
gexif-0.5
gforth-0.7.0
gftp-2.0.19
ggz-gnome-client-0.0.14.1
ggz-gtk-client-0.0.14.1
ggz-txt-client-0.0.14.1
ghex-3.18.0
giFTcurs-0.6.2
giggle-0.7
gigolo-0.4.2
gimp-2.8.16
ginkgo-0.32
gitg-3.18.0
gjay-0.2.8.3
gjots2-2.4.1
gkrellm-2.3.5
gksu-2.0.2
gksu-utils-2.0.12
gl-117-1.3.2
glabels-2.3.0
glade-3.19.0
glade3-3.8.5
glightoff-1.0.0
glista-0.4
gliv-1.9.7
globulation2-0.9.4.5
gmameui-0.2.12
gmasqdialer-0.99.13
gmediafinder-1.0.4
gmemusage-0.2
gmpc-11.8.16
gmtp-1.3.7
gmudix-1.0
gmysqlcc-0.3.0
gnash-0.8.10
gnochm-0.9.11
gnocky-0.0.7
gnokii-xgnokii-0.6.31
gnomad2-2.9.6
gnome-alsamixer-0.9.7
gnome-bluetooth-3.18.1
gnome-books-3.18.2
gnome-boxes-3.18.1
gnome-calculator-3.18.2
gnome-chess-3.18.0
gnome-clocks-3.18.0
gnome-color-manager-3.18.0
gnome-commander-1.2.8.17
gnome-contacts-3.18.1
gnome-control-center-3.18.2
gnome-dictionary-3.18.0
gnome-disk-utility-3.18.3.1
gnome-documents-3.18.2
gnome-flashback-3.18.1
gnome-font-viewer-3.16.2
gnome-kerberos-0.3.2
gnome-klotski-3.18.2
gnome-logs-3.18.1
gnome-mahjongg-3.18.0
gnome-main-menu-1.8.0
gnome-maps-3.18.2
gnome-mines-3.18.2
gnome-mplayer-1.0.7
gnome-mud-0.11.2
gnome-music-3.18.0
gnome-nettool-3.8.1
gnome-nibbles-3.18.2
gnome-packagekit-3.18.0
gnome-packagekit-common-3.18.0
gnome-panel-3.18.1
gnome-phone-manager-0.69
gnome-photos-3.18.2
gnome-power-manager-3.18.0
gnome-ppp-0.3.23
gnome-robots-3.18.1
gnome-screenshot-3.18.0
gnome-search-tool-3.6.0
gnome-shell-3.18.3
gnome-software-3.18.3
gnome-sound-recorder-3.18.2
gnome-sudoku-3.18.2
gnome-system-log-3.9.90
gnome-system-monitor-3.18.2
gnome-terminal-3.18.2
gnome-tetravex-3.18.0
gnome-tweak-tool-3.18.1
gnome-user-share-3.18.0
gnome-weather-3.18.1
gnomecatalog-0.3.4.2
gnomoradio-0.15.1
gnormalize-0.63
gnosefart-2.9
gns3-0.8.2
gnubiff-2.2.15
gnubik-2.4
gnucash-2.6.11
gnuitar-0.3.2
gnumed-client-1.1.14
gnumeric-1.12.22
gnuplot-nox-4.6.6
gnusim8085-1.3.7
gnutu-2.5
gogglesmm-1.0.9
goobox-3.3.2
gourmet-0.17.4
gournal-0.5.1
gpa-0.9.7
gpaint-2-0.3.3
gparted-0.22.0
gperiodic-2.0.10
gphone-0.5.2
gphpedit-0.9.98
gpodder-3.2.0
gpppoem-0.1.1
gpredict-1.3
gprolog-1.4.4
gprsec-3.0.0
gpsbabel-gui-1.5.2
gpsd-clients-3.15
gpsman-6.4.2
gr-lida-0.11.0
gramps-4.2.3
granatier-16.04.1
greenwich-0.8.2
grhino-0.16.1
griffith-0.13
grip-3.3.1
grisbi-0.8.5
groovy-1.8.9
grpn-1.1.2
grsync-1.2.6
grub-customizer-5.0.6
gsambad-0.1.9
gscan2pdf-1.0.6
gscan2pdf-1.4.0
gset-compiz-0.3.4
gsmartcontrol-0.8.7
gstm-1.2
gsynaptics-0.9.14
gtetrinet-0.7.11
gtg-0.3
gthumb-3.4.1
gtimelog-0.9.1
gtk-chtheme-0.3.1
gtk-gnutella-0.98.3
gtk-recordmydesktop-0.3.8
gtkam-0.2.0
gtkatlantic-0.4.2
gtkdive-0.71
gtkfind-1.1
gtkgep-0.2.3
gtkhash-0.7.0
gtklp-1.3.0
gtkmotd-0.5
gtkpsproc-3.4
gtkshots-0.1
gtkterm-0.99.6
gtkwave-3.3.38
guake-0.4.4
guayadeque-0.3.7
gucharmap-3.18.2
guitarix2-0.28.1
gupnp-tools-0.8.5
gurlchecker-0.13.1
gurpmi-8.03.3
gurpmi-8.03.4
guvcview-2.0.3
gv-3.7.3
gwc-0.21.08
gweled-0.9.1
gwenview-16.04.1
gwget-1.0.4
gwibber-3.6.0
gxine-0.5.908
gxtuner-2.0
handbrake-0.10.2
harddrake-ui-16.68
hatari-1.8.0
hawaii-system-preferences-0.6.90
hawaii-terminal-0.5.91
hawaii-workspace-0.5.0
hdfview-2.10
headerthemeeditor-16.04.1
heimdall-frontend-1.4.1
heroes-0.21
hex-a-hop-1.1.0
hexamine-0.2.1
hexcalc-1.11
hexchat-2.9.6.1
hexen2-1.5.6
hexglass-1.2.1
hexxagon-1.0.2
hheretic-0.2.3
hheretic-sdl-0.2.3
hhexen-1.6.3
hhexen-sdl-1.6.3
highlight-gui-3.24
highmoon-1.2.4
hinedo-0.4
hitori-3.16.2
hoh-1.01
homebank-4.5
hotot-0.9.8.11
hotshots-2.1.1
hplip-gui-3.15.4
hplip-gui-3.16.5
htmldoc-1.8.28
httrack-3.46.1
hugin-2016.0.0
hwloc-1.11.1
hydrogen-0.9.6.1
i-nex-0.5.2
iTest-1.4.1
iagno-3.18.2
iaxcomm-2.1
ibWebAdmin-1.0.2
ibus-1.5.9
ibus-anthy-1.5.4
ibus-hangul-1.4.2
ibus-pinyin-1.5.0
ical-2.3.3
icebreaker-1.9.7
icecream-monitor-1.0
icedtea-web-1.6
icewm-light-1.3.8
ideas-1.0.3.9
image-analyzer-2.1.1
imagej-1.45b
imagemagick-desktop-6.9.2.4
imagination-3.0
importwizard-16.04.1
improver_client-2.0.0
indexhtml-2015.0
inkscape-0.91
instead-1.9.0
instead-launcher-0.6.1
inventory-0.65
invertapple-1.0
invesalius-3.0.1925
iodoom3-1.3.1.1304
ioquake3-demo-1.36
iplist-0.29
ipqalc-1.2
irrlamb-0.2.0
irrlicht-1.8
istodo-1.3.0
italc-master-2.0.2
itext-rups-2.1.7
itext-toolbox-2.1.7
iwscanner-0.2.4
jabbim-0.5.1
jack-rack-1.4.7
jack_capture-0.9.61
jackbeat-0.7.6
jackeq-0.5.9
jamin-0.95.0
java-1.7.0-openjdk-devel-1.7.0.99
java-1.8.0-openjdk-devel-1.8.0.77
java-1.8.0-openjdk-devel-1.8.0.91
jcgui-0.8
jflex-1.6.0
jigdo-0.7.3
jmol-13.2.4
joe-3.7
jokosher-0.11.5
jools-0.20
joomla-administrator-1.5.20
jovie-16.04.1
jpilot-1.8.2
juffed-0.10
juk-16.04.1
jumpnbump-1.55
junkie-0.3.1
jvgs-0.5
jwm-2.1.0
k3b-2.9.90
k4dirstat-0.1
kaddressbook-16.04.1
kaffeine-1.2.2
kajongg-16.04.1
kalarm-16.04.1
kalgebra-16.04.1
kalzium-16.04.1
kamoso-3.1.0
kamoso-3.2
kanagram-16.04.0
kanagram-16.04.1
kanyremote-6.1
kapman-16.04.1
kapptemplate-16.04.1
kardsgt-0.7.1
kasumi-2.5
kate-16.04.1
katomic-16.04.1
katoob-0.5.9.1
kaudiocreator-1.3
kbackup-0.8
kbibtex-0.4.1
kbiff-4.0
kblackbox-16.04.1
kblocks-16.04.1
kblogger-1.0
kbounce-16.04.1
kbreakout-16.04.1
kbruch-16.04.1
kcachegrind-16.04.1
kcalc-16.04.1
kcharselect-16.04.1
kcheckers-0.8.1
kchmviewer-6.0
kcm-wacomtablet-1.3.6
kcolorchooser-16.04.1
kcoloredit-2.0.0
kdbg-2.5.2
kde-cdemu-manager-0.5.0
kde-runtime-16.04.1
kde-workspace-4.11.22
kde4-minimal-settings-0.1
kdebugsettings-16.04.1
kdeconnect-0.9
kdelibs-core-4.14.20
kdenlive-16.04.1
kdepasswd-16.04.1
kdepasswd-16.05
kdepim-accountwizard-16.04.1
kdepim-core-16.04.1
kdesvn-1.6.0
kdevelop4-4.7.2
kdevmon-0.4.7
kdf-16.04.1
kdiamond-16.04.1
kdiff3-0.9.97
keditbookmarks-16.04.1
keditbookmarks-16.05
keepassx-0.4.3
keepnote-0.7.7
kega-fusion-363x
kepas-0.9.3
keurocalc-1.1.0
kfax-3.3.6
kfilebox-0.4.9
kfilereplace-16.04.1
kfind-16.04.1
kfind-16.05
kflickr-20100817
kfloppy-16.04.1
kfoldersync-2.7.1
kfourinline-16.04.1
kftpgrabber-0.8.99
kgeography-16.04.1
kget-16.04.1
kgoldrunner-16.04.1
kgpg-16.04.1
khangman-16.04.1
khelpcenter-16.04.1
kiba-dock-0.1
kicad-4.0.2
kickoff-4.11.22
kiconedit-4.4.0
kid3-3.3.1
kid3-qt-3.3.1
kig-16.04.1
kigo-16.04.1
kiki-1.0.2
kile-2.1.3
killbots-16.04.1
kimagemapeditor-16.04.1
kinfocenter-4.11.22
kinfocenter5-5.6.4
kio-5.22.0
kio-sysinfo-1.8.3
kipi-plugins-5.0.0
kiriki-16.04.1
kitchensync-0.22.0
kiten-16.04.1
kjumpingcube-16.04.1
klash-0.8.10
klavaro-1.9.3
kleopatra-16.04.0
klettres-16.04.1
klickety-16.04.1
klines-16.04.1
klinkstatus-16.04.1
klipper-4.11.22
klog-0.5.9
kmag-16.04.1
kmahjongg-16.04.1
kmail-16.04.1
kmediafactory-0.8.1
kmenuedit-5.6.4
kmess-2.0.6.2
kmetronome-0.10.1
kmid2-2.4.0
kmidimon-0.7.5
kmines-16.04.0
kmines-16.04.1
kmix-16.04.0
kmix-16.04.1
kmldonkey-2.0.7
kmousetool-16.04.1
kmouth-16.04.1
kmplayer-0.11.3c
kmplot-16.04.1
kmymoney-4.7.2
knavalbattle-16.04.1
knemo-0.7.7
knetwalk-16.04.1
knights-2.5.0
knotes-16.04.1
kolf-16.04.1
kollision-16.04.1
kolourpaint-16.04.1
kommander-16.04.1
kompare-16.04.1
kompozer-0.8
konqueror-16.04.1
konqueror-16.05
konquest-16.04.1
konsole-16.04.1
kontact-16.04.1
konversation-1.6
konvertible-1.0.1
kooka-0.61
kopete-16.04.1
korganizer-16.04.1
kover-6
kpat-16.04.1
kpdftool-0.23.1
kphotoalbum-4.7.1
kplayer-0.7.2
kppp-16.04.1
kprinter4-10
kradio-4.0.6
kradioripper-0.6
kraft-0.50
krandr-4.11.22
krank-0.7
krdc-16.04.1
krecipes-2.0
kremotecontrol-16.04.1
krename-4.0.9
kreversi-16.04.1
krfb-16.04.1
krita-2.99.91
kronometer-2.0.1
krosswordpuzzle-0.16
kruler-16.04.1
krusader-2.4.0
kscd-16.04.1
kscope-1.9.4
kshisen-16.04.1
kshowmail-4.1
kshutdown-3.0
ksirk-16.04.1
ksnakeduel-16.04.1
kspaceduel-16.04.1
ksquares-16.04.1
ksshaskpass-5.6.4
kstars-16.04.1
ksudoku-16.04.1
ksysguard-5.6.4
ksystemlog-16.04.1
kteatime-16.04.1
kterm-6.2.0
ktikz-0.11.0svn194
ktimer-16.04.1
ktnef-16.04.1
ktorrent-5.0.1
ktouch-16.04.1
ktp-contact-list-16.04.1
ktp-text-ui-16.04.1
ktuberling-16.04.1
kturtle-16.04.1
kubrick-16.04.1
kuickshow-0.9.2
kuiviewer-16.04.1
kuser-16.04.1
kvirc-5.0.0
kvpnc-0.9.6a
kwalletmanager-16.04.1
kwave-0.8.10
kwave-0.9.1
kwooty-1.0.1
kwordquiz-16.04.1
kwrite-16.04.1
laditools-1
lash-0.5.4
lastfm-desktop-2.1.36
latexila-2.6.2
lazarus-1.4.2
lbreakout2-2.6.4
lcdtest-1.18
leafpad-0.8.18.1
lecaviste-0.5
lemonpos-0.9.3
lgeneral-1.2.3
lib64elementary-devel-1.13.2
lib64gtk+3.0-devel-3.18.9
lib64qt3-devel-3.3.8b
libbonoboui-2.24.5
libelementary-devel-1.13.2
libfm-gtk-1.2.4
libgda5.0-5.1.1
libgda5.0-5.2.4
libgnomekbd-common-3.6.0
libgtk+3.0-devel-3.18.9
libqt3-devel-3.3.8b
librecad-2.0.2
libreoffice
libreoffice-base-5.1.3
libreoffice-calc-5.1.3
libreoffice-common-5.1.3
libreoffice-draw-5.1.3
libreoffice-impress-5.1.3
libreoffice-math-5.1.3
libreoffice-writer-5.1.3
libsvm-svm-toy-gtk-3.17
libsvm-svm-toy-qt-3.17
libxfce4ui-common-4.12.1
licq-qt4-1.8.2
liferea-1.10.17
lightlang-0.8.6
lightsoff-3.18.0
lightspark-0.7.1
lincity-ng-2.0
lingot-0.9.1
links-graphic-2.8
linphone-3.9.1
linuxsms-0.77
lipsofsuna-0.5.0
liquidwar-5.6.4
liquidwar6-0.4.3681
lives-2.6.0
liveusb-creator-3.11.8
lmarbles-1.0.8
lmms-0.4.13
logjam-4.6.2
lokalize-16.04.1
loki_patch-fix-0.1
lpairs-1.0.4
lskat-16.04.1
ltris-1.0.19
luciole-0.9.3
luckybackup-0.4.7
luma-3.0.7
luminance-hdr-2.3.1
luola-1.3.2
lxdream-0.9.1
lximage-qt-0.4.0
lxmusic-0.4.5
lxqt-about-0.10.0
lxqt-admin-0.10.0
lxqt-common-0.10.0
lxqt-config-0.10.0
lxqt-globalkeys-0.10.0
lxqt-notificationd-0.10.0
lxqt-powermanagement-0.10.0
lxqt-session-0.10.0
lxshortcut-1.2.4
lyx-2.1.4
macaulay2-1.5
macrofusion-0.7.3
madbomber-0.2.5
mahjongg3d-0.96
mandriva-control-center-0.5
manedit-1.2.1
maniadrive-1.2
marathon-1.0.1
marathon-infinity-1.0.1
marathon2-1.0.1
marble-16.04.0
marble-common-16.04.0
marco-1.8.2
marsshooter-0.7.4
matchbox-keyboard-0.1
mate-calc-1.8.0
mate-control-center-1.8.3
mate-desktop-1.10.0
mate-media-1.8.0
mate-notification-daemon-1.8.0
mate-panel-1.8.1
mate-power-manager-1.8.1
mate-screensaver-1.8.1
mate-session-manager-1.8.1
mate-system-monitor-1.8.0
mate-system-tools-1.8.1
mate-terminal-1.8.1
mate-user-share-1.8.0
mate-utils-1.8.1
mathomatic-16.0.5
maxima-gui-5.37.0
maxr-0.2.8
mb-applet-volume-0.2
mboximporter-16.04.1
mcomix-0.98
meandmyshadow-0.4.1
medit-1.1.1
mednaffe-0.6
megaglest-data-3.12.0
megamario-1.7
meka-0.73
meld-1.7.5
meld-1.8.4
memaker-r49
metacity-3.18.1
meteo-qt-0.8.8
meteo-qt-0.9.3
mgm-1.1
mhwaveedit-1.4.22
micro64-1.00.667
micropolis-4.0
midicontroller-041011
midori-0.5.11
million-1.0.2
minetest-0.4.10
minitube-2.4
minuet-16.04.1
mirage-0.9.5.2
miro-6.0
mixxx-1.11.0
mj-1.14
mkvtoolnix-8.9.0
mldonkey-gui-3.1.3
mldonkey-gui-3.1.5
mlterm-3.0.11
mnemosyne-2.2.1
molrender-2.3.1
mono-tools-2.10
monodevelop-3.0.3.5
monosim-1.5.2
monosim-gtk-2.0.0.0
monosim-qt-2.0.0.0
monotone-viz-1.0.1
monster-masher-1.8.1
monsterz-0.7.1
moon-buggy-1.0.51
moserial-3.0.8
motogt-20110505
motv-3.102
mount-gtk-1.4.3
mountloop-0.15.4
mousepad-0.4.0
mozo-1.8.0
mp3info-0.8.5a
mp3splt-gtk-0.9.2
mp3valgui-0.1.1
mplayer-gui-1.3.0
mpm-0.8.3
mpv-0.17.0
mrxvt-0.5.4
mtr-gtk-0.85
mucommander-0.9.0
muffin-2.6.0
mumble-1.2.5
mupdf-1.1
mupen64plus-ui-m64py-0.2.1
mures-0.5
musescore-2.0.1
musescore-2.0.3
mutter-3.18.2
myrulib-0.29.16
mysql-workbench-oss-6.3.6
mythtv-frontend-0.28
mythtv-setup-0.28
nabi-1.0.0
naev-0.5.3
nautilus-3.18.3
nautilus-beesu-manager-1.7
ncdc-1.19.1
ncview-2.1.1
nedit-5.5
nepomuk-core-4.14.3
nestopia-1.45
netpanzer-0.8.4
netrek-client-cow-3.3.1
networkmanager-applet-1.0.10
networkmanager-vpnc-1.0.6
neverball-1.6.0
nevernote-0.99
nexuiz-glx-2.5.2
nexuiz-sdl-2.5.2
nfoview-1.15
nitrogen-1.5.2
nixnote-1.4
njam-1.25
nmap-frontend-7.11
nomacs-3.0.0
notecase-1.9.8
notefinder-0.4
notepadqq-0.50.4
notification-daemon-3.18.1
nss-gui-0.3.10
nted-1.10.18
nuclearchess-1.0.0
numptyphysics-0.3.3
nut-monitor-1.1
nvidia-compute-profiler-5.5.22
nvidia-compute-profiler-7.5.18
nvidia-nsight-5.5.22
nvidia-nsight-7.5.18
nvtv-0.4.7
nxtvepg-2.8.1
obconf-2.0.4
obconf-qt-0.9.0
obkey-1.0
ocaml-compiler-4.02.1
octave-4.0.1
office-runner-1.0
oggconvert-0.3.3
okteta-16.04.1
okular-16.06
okular-chm-16.06
okular-comicbook-16.06
okular-djvu-16.06
okular-dvi-16.06
okular-epub-16.06
okular-fax-16.06
okular-fb-16.06
okular-kimgio-16.06
okular-ooo-16.06
okular-pdf-16.06
okular-plucker-16.06
okular-postscript-16.06
okular-tiff-16.06
okular-txt-16.06
okular-xps-16.06
oma-welcome-1.2.0.3
oma-welcome-2.0.1
onboard-0.94.0
oolite-1.82
openalchemist-0.3
openarena-0.8.8
openbox-3.6.1
openbox-gnome-3.6.1
openbox-kde-3.6.1
opencity-0.0.6.4
openclass-0.4
openclonk-5.3.3
opencpn-3.0.2
openerp-client-6.1
opengrade-3.1.17
openlp-2.0.5
openmw-0.39.0
openra-20150614
openscad-2015.03.2
openshot-1.4.3
opensi-client-3.4
openteacher-2.2.1
openttd-1.6.0
opentyrian-2.1.20130907
openxcom-1.0.0
opera-12.16
oprofile-gui-0.9.9
orage-4.10.0
orbital_eunuchs_sniper-1.28
orca-3.18.2
oregano-0.82
otter-browser-0.9.07
owncloudclient-1.8.1
oxine-0.7.1
p-uae-2.3.3
padre-0.960.0
palapeli-16.04.1
paman-0.9.4
pan-0.137
paprefs-0.9.10
parano-0.3.5
parcellite-1.0.2
pari-2.7.0
parley-16.04.1
parole-0.8.0
partitionmanager-2.1.0
partitionmanager-2.2.0
pathological-1.1.3
pavucontrol-3.0
pavumeter-0.9.3
pcb-20110918
pcmanfm-1.2.1
pcmanfm-qt-0.10.0
pcsxr-1.9.93
pdfedit-0.4.5
pdfshuffler-0.6.0
peazip-5.5.2
penguin-command-1.6.11
pente-2.2.5
perroquet-1.1.1
pgaccess-0.99.0.20081028
pgadmin3-1.18.1
pgworksheet-1.9
phasex-0.12.0
phoenix-emu-2.3.1
phoronix-test-suite-5.8.1
photoprint-0.3.9
photoqt-1.4
photostock-helper-0.0.1
php-manual-en-5.5.7
phpldapadmin-1.2.3
phpmyadmin-4.5.0.2
phpmyadmin-4.6.1
phppgadmin-5.1
pianobooster-0.6.4b
picard-1.2
picmi-16.04.1
pidgin-2.10.11
pidgin-2.10.12
pimsettingexporter-16.04.1
pinball-0.3.1
pingus-0.7.6
pinta-1.4
pioneers-15.1
pioneers-server-gtk-15.1
pitivi-0.95
pixelize-1.0.0
plan-1.10.1
plank-0.9.1
planner-0.14.6
plasma-applet-battery-4.11.22
plasma-applet-calendar-4.11.22
plasma-applet-cwp-1.11.1
plasma-applet-daisy-0.0.4.26
plasma-applet-eventlist-0.2.90
plasma-applet-eyasdp-1.2.0
plasma-applet-fancytasks-1.1.2
plasma-applet-folderview-16.04.1
plasma-applet-kbirthdayreminder-0.9.73
plasma-applet-kdevelopsessions-4.7.2
plasma-applet-kscreen-1.0.2.1
plasma-applet-kwinbutton-0.6
plasma-applet-lastmoid-0.6.5
plasma-applet-launchbutton-0.0.4
plasma-applet-mountoid-0.41
plasma-applet-quickaccess-0.8.2
plasma-applet-quicklaunch-4.11.22
plasma-applet-system-monitor-cpu-4.11.22
plasma-applet-system-monitor-hdd-4.11.22
plasma-applet-system-monitor-hwinfo-4.11.22
plasma-applet-system-monitor-net-4.11.22
plasma-applet-system-monitor-temperature-4.11.22
plasma-applet-takeoff-1.0.1
plasma-applet-togglepanel-0.0
plasma-applet-translatoid-1.4
plasma-applet-webbrowser-4.11.22
plasma-applet-xbar-0.1
plasma-cuttlefish-5.6.4
plasma-desktop-5.6.4
plasma-mediacenter-5.6.4
plasma-mobile-0.5
plasma-nm-5.6.4
plasma-themeexplorer-5.6.4
plasma-workspace-5.6.4
plasmate-1.0
playonlinux-4.2.5
plee-the-bear-0.6.0
pluma-1.8.0
poedit-1.8.7.1
pokerth-1.1.1
polari-3.18.1
polybori-gui-0.8.3
popcorntime-0.3.8.5
popfile-1.1.1
powermanga-0.91
ppsspp-1.0
prboom-2.5.0
prboom-gl-2.5.0
prey-0.5.4
print-manager-16.04.1
proguard-gui-5.1
projectx-0.91.0
prophet-2.7
prototype-1.0
ps3mediaserver-1.90.1
psi-0.15
psindustrializer-0.2.5
puddletag-1.0.1
pulseaudio-equalizer-0.1
punes-0.78
pureadmin-0.4
pushover-0.0.4
putty-0.64
pws-0.3.0
pyDict-0.2.5.1
pyNeighborhood-0.5.0
pybliographer-1.2.12
pydance-1.0.3
pymol-1.8
pypar2-1.4
pysol-4.82
pysycache-3.1b
python-card-0.8.2
python-docs-3.4.4
python-mezogis-0.1.5
python2-docs-2.7.11
qacdp-0.1.0
qarecord-0.5.0
qastools-0.18.0
qbittorrent-3.3.4
qcad-3.14.3.0
qcomicbook-0.9.0
qdevelop-0.27.2
qemu-launcher-1.7.4
qiv-2.3.1
qjackctl-0.4.0
qjadeo-0.8.1
qlandkartegt-1.8.1
qlipper-2.0.1
qmapshack-1.5.1
qmc2-0.42
qmetro-0.7.1
qmidiarp-0.5.1
qmidiroute-0.3.0
qmmp-1.0.7
qmplay2-14.12.01
qnetstatview-1.2.0
qnetwalk-1.3
qnotero-0.48
qpass-1.2.1
qpdfview-0.4.16
qps-1.10.16
qsampler-0.2.2
qstardict-1.0.1
qsynaptics-0.22.0
qsynth-0.4.0
qt-creator-3.6.0
qt-recordmydesktop-0.3.8
qt4-assistant-4.8.7
qt4-designer-4.8.7
qt4-fsarchiver-0.6.17
qt4-linguist-4.8.7
qt4urpm-2.0
qt5-assistant-5.6.0
qt5-assistant-5.6.1
qt5-designer-5.6.0
qt5-designer-5.6.1
qt5-linguist-5.6.0
qt5-linguist-5.6.1
qt5-qtwebengine-demobrowser-5.6.0
qt5-qtwebengine-demobrowser-5.6.1
qt5ct-0.22
qtel-0.11.2
qterm-0.5.12
qterminal-0.6.0
qtfm-5.4
qtikz-0.11.0svn194
qtiplot-0.9.8.9
qtparted-0.6.0
qtparted-0.7.0
qtractor-0.5.11
qtrsync-alpha.0.1
quadkonsole4-0.2.1
quadra-1.2.0
quadrapassel-3.18.0
quarry-0.2.0
quassel-0.12.2
quassel-0.12.4
quassel-client-0.12.2
quassel-client-0.12.4
quick-usb-formatter-0.5
quicksynergy-0.9.0
quodlibet-3.2.2
qupzilla-core-2.0.0
qupzilla-core-2.0.1
qutim-0.3.1
qutim2-0.2.1.git.630
qvcd-0.21
qwinff-0.2.1
qwit-0.10
radiotray-0.7.3
rage-0.1.0
raine-0.64.10
rakarrack-0.6.1
rapid-photo-downloader-0.4.5
rapidsvn-0.12.1
rawtherapee-4.0.9
razorqt-config-0.5.2
razorqt-config-appearance-0.5.2
razorqt-config-autosuspend-0.5.2
razorqt-config-desktop-0.5.2
razorqt-config-globalkeyshortcuts-0.5.2
razorqt-config-mouse-0.5.2
razorqt-config-notificationd-0.5.2
razorqt-config-session-0.5.2
razorqt-power-0.5.2
razorqt-session-0.5.2
rbutil-1.2.11
recoll-1.19.14p2
recorditnow-0.8.1
redeclipse-1.4
rednotebook-1.8.0
redshift-gtk-1.7
regexxer-0.10
rekonq-2.4.2
remmina-1.0.0
retroarch-1.0.0.2
retroarch-phoenix-20130609
rexloader-0.1a.rev207
rezound-0.13.1
rhythmbox-3.2.1
ri-li-2.0.1
ripperx-2.7.0
ristretto-0.8.0
roadfighter-1.0.1269
rocksndiamonds-3.2.6.1
rocrail-1.3
rocs-16.04.1
root-tail-1.2
rosa-imagewriter-2.6.1.1
rosa-launcher-2.1.3
rosa-media-player-1.6.11
rosegarden-16.02
rott-registered-1.1.2
rott-shareware-1.1.2
rox-2.10
rp-pppoe-gui-3.11
rpmdrake-6.00
rsibreak-0.12
rss_glx-0.9.1
rute-1.0.0
rutracker-news-0.5
rxvt-2.7.10
rxvt-CJK-2.7.10
rxvt-unicode-9.15
rygel-0.28.2
sagemath-6.2
samsung-tools-2.1
samuel-0.1.8
sane-frontends-1.0.14
sauerbraten-2013_02_03
schismtracker-20120425
scilab-5.5.2
scim-common-1.4.16
scorched3d-43.3
scratch-1.4.0.7
scratchduino-0.1
screengrab-1.0
scribus-1.5.1
scummvm-1.8.0
sdlroids-1.3.4
sdlscav-145
seahorse-3.18.0
seamonkey-2.16.2
searchandrescue-1.4.0
sectool-gui-0.9.3
semantik-0.9.4
sentinella-0.9.0
seq24-0.9.2
settings-app-0.1.0
sflphone-client-gnome-1.2.0
sflphone-kde-1.3.0
shotwell-0.22.0
showfoto-5.0.0
shutter-0.93.1
sieveeditor-16.04.1
silicon-2.0.0
simple-scan-3.18.2
simpleburn-1.6.4
simplescreenrecorder-0.3.1
simutrans-0.120.1.3
sinthgunt-2.0.3
skanlite-2.0
skobo-0.5.1
skrooge-2.3.0
slimrat-1.1
slune-1.0.15
smart-gui-1.5
smathstudio-0.89
smb4k-1.2.1
smolt-gui-1.4.3
smplayer-16.1.0
smtube-15.8.0
snd-11.4
snes9x-gtk-1.53
snespurify-11b1
solaar-0.9.2
solarwolf-1.5
solfege-3.20.7
solfege-3.22.2
songs-0.3
songwrite2-0.4.1
sooperlooper-1.6.18
sopcast-player-0.8.5
sound-juicer-3.18.1
soundconverter-2.0.3
soundkonverter-2.2.0
sourceinstall-gtk-2.5
spacefm-0.8.7
spacepong-0.0.2
spe-0.8.4.h
spectacle-16.04.1
speedcrunch-0.10.1
sphere-client-rosa-1
spotlighter-0.2
spyder-2.1.11
sqlitebrowser-2.0
sqliteman-1.2.2
squeak-vm-4.10.2.2614
squeak3-vm-3.10.4
squeeze-0.2.3
ssr-0.3.6
stardict-3.0.4
stardict-tools-3.0.1
steam-1.0.0.51
stella-3.9.3
stellarium-0.14.1
stellarium-0.14.3
step-16.04.1
stepmania-3.9
stoq-1.10.4
subdownloader-2.0.18
subtitleeditor-0.51.0
sugar-emulator-0.88.0
sulu-0.17
sunflower-0.2.59
supertux-0.4.0
supertuxkart-0.9
svlc-2.2.2
svlc-2.2.4
swami-2.0.0
sweep-0.9.3
sweeper-16.04.1
swell-foop-3.18.1
swfdec-gnome-2.30.1
sylpheed-3.4.2
synapse-0.2.10
synaptiks-0.8.1
syncevolution-gtk-1.4.1
synfigstudio-0.64.3
synkron-1.6.2
sysprof-1.1.6
system-config-audit-0.4.21
system-config-cluster-1.0.53
system-config-nfs-1.3.51
system-config-printer-gui-1.5.7
system-config-samba-1.2.92
system-config-services-0.111.4
system-switch-java-1.1.4
systemd-ui-3
systemsettings-5.6.2
t-crisis-3.5.12a
t-lasku-1.9.7
tabatha-0.6
tagtool-0.12.3
tali-3.18.0
tano-1.2.1
teaqt-33.3.0
tecnoballz-0.92
teeworlds-0.6.1
tegaki-recognize-0.3.1.2
telepathy-kde-contact-applet-0.5.1
telepathy-kde-contact-list-0.5.1
telepathy-kde-text-ui-0.5.1
tellico-2.3.8
terminal-app-0.1.1
terminator-0.97
terminology-0.5.0
termit-2.9.3
tetzle-2.0.0
texmaker-3.4.1
texstudio-2.5.1
texworks-0.4.4
tgif-4.2.5
themonospot-0.7.3.1
themonospot-gui-gtk-0.2.2
themonospot-gui-qt-0.1.3
thunar-1.6.6
thunar-volman-0.8.1
thunderbird-45.1.1
tigervnc-1.6.0
tightvnc-1.3.10
tilp-1.16
tilp2-1.16
timemachine-0.3.3
tint2-0.11
tintii-2.6.1
tinyerp-client-4.2.3.4
tipp10-2.0.3
tkcvs-8.2.1
tkdvd-4.0.9
tkeca-4.4.3
tkiaxphone-2.1
tkinter-apps-3.4.4
tkinter2-apps-2.7.11
tn5250-0.17.4
tomahawk-0.7.0
toppler-1.1.6
torbrowser-launcher-0.2.4
torcs-1.3.6
totem-3.18.1
tovid-0.34
tpad-1.3
tracker-1.6.1
tracker-thunderbird-plugin-1.6.1
transmission-gtk-2.84
transmission-qt-2.84
traverso-0.49.2
treeline-1.4.1
tremulous-1.1.0
trigger-rally-0.6.0
triplane-classic-1.04
trojita-0.6
trophy-1.1.6
tucnak2-2.48
tux_aqfh-1.0.14
tuxguitar-1.2
tuxkart-0.4.0
tuxmath-2.0.3
tuxmathscrabble-0.7.4
tuxpaint-0.9.22
tuxtype-1.8.1
tuxwordsmith-0.7.13
tvkaistagui-1.3.0
tvok-0.5.2.36
tvtime-1.0.6
twinkle-1.4.2
twinkle-1.9.0
twitux-0.69
typespeed-0.6.5
ucview-0.33
ufraw-0.20
uim-1.8.6
ultimatestunts-0.7.7.1
ultracopier-0.2.0.16
umbrello-16.04.1
unetbootin-0
unison-2.40.102
unknown-horizons-2013.2
unvanquished-0.47.0
urbanterror-4.2.023
urtsb-0.4
usbview-1.1
userdrake-2.2
v4l-utils-qt4-1.8.0
v4l2ucp-2.0.2
vacuum-im-1.2.1
vagalume-0.8.6
valknut-0.4.9
vavoom-1.33
vertex-0.1.16
veusz-1.16
vidalia-0.2.21
videocut-0.2.0
viewmol-2.4.1
viewnior-1.3
vigor-0.016
viking-1.5.1
vim-X11-7.4.1725
vinagre-3.18.2
vino-3.18.1
virt-manager-1.3.2
virt-viewer-2.0
virtualbox-5.0.20
vkeybd-0.1.18d
vlc-2.2.2
vlc-2.2.4
vmpk-0.5.1
vmware-view-open-client-4.5.0
voltair-1.0
volume.app-1.1
vpnpptp-allde-0.3.8
vuze-5.7.1.0
vym-2.3.5
wahcade-0.99
wallpapoz-0.5
wallpapoz-0.6.2
wammu-0.35
warmux-11.04.1
warsow-1.02
warzone2100-3.1.2
wavbreaker-0.11
wavesurfer-1.8.5
webmin-1.680
wesnoth-1.12.5
wesnoth-unstable-1.11.8
widelands-b18
wifi-radar-1.9.9
wiican-0.3.3
wine-1.9.10
winpdb-1.4.8
wireshark-2.0.2
wlanfe-1.0.1
wmMoonClock-1.27
wmapm-3.1
wmbattery-2.40
wmcalclock-1.25
wmcpuload-1.1.0pre4
wmcube-0.98
wmdf-0.1.6
wmfire-1.2.4
wmix-3.2
wmlaptop-1.4
wmmemmon-1.0.1
wmnd-0.4.16
wmnet-1.06
wmpop3lb-2.4.2
wmsmpmon-3.1
wmstock-0.11
wordnet-3.0
worker-3.1.0
workrave-1.10.1
worminator-3.0R2.1
wxGlade-0.6.5
wxPythonGTK-tools-2.8.12.0
wxlua-ide-2.8.12.3
wxmaxima-16.04.0
wxmaxima-16.04.2
x11-driver-video-nvidia-current-352.30
x11-driver-video-nvidia-long-lived-340.58
x11-driver-video-nvidia304-304.131
x11-driver-video-nvidia340-340.96
x11vnc-0.9.12
x48-0.6.4
xarchiver-0.5.3
xarchon-0.50
xastir-2.0.6
xawtv-3.102
xbill-2.1
xblast-2.10.4
xboard-4.8.0
xcave-2.3.2
xcdroast-0.98
xchat-2.8.8
xcpustate-2.9
xdaliclock-2.37
xdosemu-1.4.0.8
xdriller-0.8.0
xdvik-22.84.16
xearth-1.1
xemacs-21.4.22
xfbib-0.0.2
xfburn-0.5.4
xfce4-appfinder-4.12.0
xfce4-clipman-plugin-1.2.6
xfce4-dict-0.7.0
xfce4-notes-plugin-1.8.1
xfce4-notifyd-0.2.4
xfce4-panel-4.12.0
xfce4-power-manager-1.4.3
xfce4-screenshooter-1.8.1
xfce4-sensors-plugin-1.2.6
xfce4-session-4.12.1
xfce4-settings-4.12.0
xfce4-taskmanager-1.1.0
xfce4-terminal-0.6.3
xfdesktop-4.12.0
xfe-1.32.5
xfig-3.2.5b
xfmpc-0.2.2
xfrisk-1.2
xfwm4-4.12.2
xgngeo-16
xgospel-1.12d
xhippo-3.3
xine-ui-0.99.9
xinput_calibrator-0.7.5
xkill-1.0.4
xlockmore-5.46
xlog-2.0.5
xlogical-1.0_8
xlogmaster-1.6.2
xmailbox-2.5
xmakemol-5.16
xmltv-druid-0.4.0
xmoto-0.5.10
xombrero-1.6.4
xonotic-0.7.0
xosview-1.16
xournal-0.4.7
xournal-0.4.8
xpad-4.0
xpat2-1.07
xpdf-3.03
xpenguins-2.2
xpilot-4.5.5
xpra-0.16.2
xqf-1.0.5
xrn-9.02
xroar-0.30
xrpm-2.2
xsane-0.999
xscavenger-1.4.4
xscorch-0.2.1
xscreensaver-5.34
xscreensaver-5.35
xsidplay-2.0.3
xskat-4.0
xsoldier-1.8
xstroke-0.6.cvs20040921
xsudo-sudoers-0.4.0
xsysinfo-1.7
xt7-player-mpv-0.11.381
xterm-324
xtraceroute-0.9.2
xtrlock-2.0
xtux-20030306
xvidcap-1.1.7
xvkbd-3.5
xwpick-2.20
xxgdb-1.12
yabause-gtk-0.9.13
yabause-qt-0.9.13
yadex-1.7.0
yahqtzee-2009.10
yakuake-2.9.9
yakuake-3.0.2
yamagi-quake2-5.32
yamagi-quake2-ctf-5.32
yamagi-quake2-rogue-5.32
yamagi-quake2-xatrix-5.32
yeahconsole-0.3.4
yelp-3.18.1
yoshimi-1.2.1
yudit-2.9.6
z26-3.02.01
z42tool-0.4.3
zathura-0.0.8.5
zaz-1.0.0
zboy-0.52
zfo-editor-0.3.2
zim-0.65
zint-qt-2.4.3
zita-rev1-0.2.1
zsnes-1.51
zynjacku-6
