3ddesktop
4stAttack
abe
abiword
abiword-plugin-impexp
abuse_sdl
accerciser
acidrip
acme
acroread
adonthell-wastesedge
affinity-search
agave
airfart
airstrike
akpi
akregator
alacarte
albumshaper
AlephOne
alevt
alexandria
alienblaster
alienpool
alleyoop
alltray
alsamixergui
alsa-patch-bay
alsaplayer
amarok
amarok2
amaya
amor
amphetamine
ams
amsn
amule
amyedit
angelwars
anjuta
anjuta2
ant-phone
apollon
ardour
arena
ark
arka
armagetron
asc
assaultcube
asteroids3D
asunder
atanks
aterm
atomix
atunes
audacious
audacity
aumix
autopano-sift
autoscan
autozen
avahi-python
avahi-x11
avant-window-navigator
avidemux-gtk
avidemux-qt
avifile-player
avifile-samples
ayttm
azureus
babytrans
bacula-bat
bacula-console-gnome
bacula-console-wx
bacula-tray-monitor
balazar
balazarbrothers
balsa
bandsaw
banshee
banter
barrage
barry-gui
BasiliskII
basket
battfink
bbconf
bbkeys
bbrun
beagle-gui
beast
beatforce
beid
bibletime
bibus
bidwatcher
bigforth
billreminder
biloba
bitstormlite
BitTornado
bittorrent-gui
bkchem
blam
blender
blinken
blobby
bloboats
blobwars
blogtk
bluedj-hall
bluefish
bluez-gnome
bluez-gnome-analyzer
bmpx
boa-constructor
bobobot
boinc-manager
BomberInstinct
bombermaze
booh
bos
boson
bouml
bovo
bpconf
bpmdj
brasero
briquolo
brutalchess
bsc
bubblemon
bug-buddy
bugsquish
bumprace
burgerspace
bygfoot
bzflag
bzr-gtk
cairo-clock
calcchecksum
camdump
camlgrenouille
camorama
camstream
canonutil
caprice32
catfish
ccsm
cdloop
cd-mason
cdrdao-gcdmaster
cdvst
cedega-small-mandriva
celestia
cellwriter
celtx
cervisia
cgoban1
cinelerra
cinepaint
circuslinux
cire
civil
civil-editor
clamtk
clanbomber
clanbomber2
clauer
claws-mail
codeblocks
codeina
codeine
cog
comix
conduit
configure-thinkpad
configure-trackpoint
conglomerate
contacts
cooledit
coondog
copter-commander
coralftp
cowbell
crack-attack
cream
creox
criawips
crimson-fields
CriticalMass
crossfire-client
csboard
csmash
cssed
cuiterm
cultivation
cupid
cups
cursor_themes
cutecom
cuyo
chbg
cheese
cheesetracker
chemtool
cheops-ng
childsplay
chmsee
chromium
d2x-xl
d4x
dangerdeep
dap
dark-oberon
dasher
dates
dayplanner
dboxfe
dc_gui2
ddccontrol
ddd
decibel-audio-player
defendguin
deluge
denemo
desktop-printing
desmume
desmume-glade
devede
devhelp
dia
digger
digikam
dillo
ding
dino
disksearch
distcc-gnome-monitor
diva
djview4
djvulibre
dlume
dogtail
dolphin
dopewars
dopi
dosbox
downman
dowser
dragonplayer
drakbackup
drakbt
drakconf
drakfax
drakfon
draklive-install
drakmenustyle
drakmsync
drakpxelinux
drakstats
draksync
drakvirt
drakx-net
drakxtools-curses
drcss
drgeo
drgeocaml
driconf
drivel
drpython
dvdrip
dvdstyler
dvr
easychem
easytag
eboard
ebview
ecamegapedal
ecasound
ecawave
ecell
eclipse-platform
echomixer
ed2k-gtk-gui
edje_editor
ee
efax-gtk
egoboo
egon
eiciel
ekiga
elisa
emacs
emacs-gtk
emelfm
emelfm2
emerald
emesene
emi
emma
empathy
emphasis
endeavour
enemylines4
enigma
enigma-freeoxyd
enlightenment
envy24control
eog
epdfview
ephoto
epic4
epic5
epiphany
eric
ermixer
eroaster
estickies
esvn
Eterm
etherape
etswitch
eva
evince
evms-gui
evms-ncurses
evolution
evolvotron
exaile
ExEf
exim-monitor
exmh
exo
expedite
extace
extrackt
extremetuxracer
f4l
falf
fbdesk
fbida
feh
fetchmailconf
fglrx-control-center
file2divx3pass
filelight
file-roller
FileRunner
filezilla
fillets-ng
findbugs
firestarter
fityk
flamerobin
FlashPlayer
flightgear
flphoto
flumotion
fluxstyle
fontforge
foobillard
fox-example-apps
fpm
frameworks
fred
freebirth
freeciv-client
freeciv-server
freecol
freedroid
freedroidrpg
freej
freelords
freemind
freeplayer
freevo
freqtweak
fretscale
fricorder
frodo
frontline
frozen-bubble
f-spot
fsv
ftd4linux
fte
fuse-emulator
fusion-icon
fvwm
fyre
g3data
g3DGMV
gabedit
gaby
gadminhttpd
gai-album
gai-bgswitcher
gai-blobs
gai-leds
gai-mailcounter
gai-pal
gai-sun
gai-visual-audio
gajim
galan
galaxium
galculator
galeon
gamazons
gambas2-ide
gambas-ide
ganyremote
gapcmon
garlic
gastman
gav
gazpacho
gbrainy
gcalctool
gcfilms
gcin
gcolor2
gcombust
gcompris
gconf-editor
gconfpref
gcstar
gcursor
gchempaint
gdesklets
gdevilspie
gdhcpd
gdict
gdis
geany
geda
gedit
gedit-root
gemdropx
genchemlab
genius
gens
geogebra
gexif
gfontsampler
gforth
gftp
gg2
ggradebook
ggv
ggz-gnome-client
ggz-gtk-client
ggz-kde-client
ggz-kde-games
ggz-txt-client
ghemical
ghex
giFTcurs
giggle
gimageview
gimp
gimp2.5
gjots2
gkrellm
gksu
gksu-utils
gl-117
glabels
glade3
glame
glest
glightoff
glinuxsms
gliv
globulation2
glom
gltron
gmasqdialer
gmemusage
gmodconfig
gmpc
gmudix
gmusicbrowser
gmysqlcc
gneutronica
gnocky
gnochm
gnoise
gnokii-xgnokii
gnomad2
gnome-alsamixer
gnomebaker
gnome-blog
gnome-bluetooth
gnomeboyadvance
gnome-breakout
gnomecatalog
gnome-commander
gnome-control-center
gnome-cups-manager
gnome-chemistry-utils
gnome-chess
gnome-db
gnome-db2.0
gnome-desktop
gnome-device-manager
gnome-games
gnomeicu
gnome-jabber
gnome-kerberos
gnome-keyring-manager
gnome-main-menu
gnome-media
gnome-menus
gnome-mplayer
gnome-mud
gnome-nettool
gnome-network
gnome-panel
gnome-phone-manager
gnome-photo-printer
gnome-pilot
gnome-pkgview
gnome-power-manager
gnome-ppp
gnomeradio
gnome-scan
gnome-screensaver
gnome-schedule
gnome-session
gnome-splash-properties
gnome-sshman
gnome-subtitles
gnomesword
gnome-system-monitor
gnome-system-tools
gnometab
gnome-terminal
gnome-user-share
gnome-utils
gnome-volume-manager
gnomolicious
gnomoradio
gnopernicus
gnormalize
gnosefart
gnotime
gnozip
gnubg
gnubiff
gnubik
gnucash
gnuitar
gnumeric
gnumexp
gnunet-gtk
gnuplot
gnurobbo
gnusim8085
gnusound
gnutu
gobby
gocr-devel
goggles
gok
goobox
google-apps-installer
googleearth
google-gadgets
goosnes
gossip
gourmet
gournal
gpa
gparted
gpass
gperiodic
gpgp
gphone
gphoto
gphpedit
gpicview
gpixpod
gpodder
gpomme
gpppoem
gproftpd
gprolog
gprsec
gpsd-clients
gpsdrive
gq
gqcam
gqmpeg
gqueue
gqview
grace
gramps
grany
grass
graveman
grdesktop
greenwich
gretl
gretools
grhino
grip
grisbi
grpn
grsync
grustibus
gsambad
gscan2pdf
gscmxx
gscore
gset-compiz
gshowtv
GSnes9x
gstm
gsynaptics
gtetrinet
gthumb
gtkam
gtkasp2php
gtkatlantic
gtk-chtheme
gtkdiff
gtkdive
gtkfind
gtkgep
gtk-gnutella
gtkhtml
gtk-iptables
gtklp
gtkmotd
gtkpod
gtkpsproc
gtk-qt-engine
gtk-recordmydesktop
gtktalog
gtkterm
gtk-theme-switch
gtkwave
gtodo
GTorrentViewer
gtranslator
gtuxnes
gtvg
gtweakui
guarddog
Gubed
gucharmap
guikachu
gurlchecker
gurpmi
gv
gv4l
gwc
gwcc
gweled
gwenrename
gwenview
gwget
gwine
gxine
gxmame
gyachi
hackwhite_dune
harddrake-ui
hardinfo
hatari
hattrick-organizer
hdspconf
hdspmixer
hedgewars
helixplayer
heroes
hexamine
hexcalc
highmoon
hinetradio
hipo
holotz-castle
holotz-castle-editor
homebank
horgand
hotwire
howto-html-de
howto-html-el
howto-html-en
howto-html-es
howto-html-fi
howto-html-fr
howto-html-hu
howto-html-id
howto-html-it
howto-html-ja
howto-html-ko
howto-html-nl
howto-html-pl
howto-html-ro
howto-html-sl
howto-html-sv
howto-html-zh
hplip
htmldoc
htop
httrack
hugin
hugo
hydrogen
iaxcomm
ibWebAdmin
ical
icebreaker
icecream-monitor
icepodder
image-analyzer
imagemagick-desktop
imgSeek
im-ja
inkscape
inventory
iqnotes
irrlamb
irrlicht
isomaster
istanbul
italc-master
iv
jabbin
jackbeat
jackeq
jackmix
jack-rack
jahshaka
jamin
java-1.5.0-sun
java-1.6.0-openjdk
java-1.6.0-openjdk-devel
java-1.6.0-sun
java-1.6.0-sun-devel
jigdo
jircii
joe
jokosher
jools
joomla-administrator
jpilot
jrpm
juk
jumpnbump
junkie
k3b
k3d
k3dsurf
k9copy
kaconnect
kaddressbook
kadu
kaffeine
kalarm
kalbum
kalcoolus
kalgebra
kalva
kalzium
kanagram
kannadic
kapacity
kappfinder
kapptemplate
karamba
karbon
karchiver
kardsgt
kasablanca
kasumi
katapult
kate
katomic
katoob
kavi2svcd
kazehakase
kbarcode
kbattleship
kbbtray
kbeam
kbfx
kbib
kbibtex
kbiff
kblackbox
kblocks
kblogger
kboincmgr
kboincspy
kbounce
kbreakout
kbruch
kbudget
kbugbuster
kcachegrind
kcalc
kcall
kcdlabel
kcolorchooser
kconfigldap
kcpuload
kcharselect
kchart
kcheckers
kcheckgmail
kchmviewer
kdar
kdbg
kde3-amarok
kde3-k3b
kde3-kio-sysinfo
kde3-kmobiletools
kde3-koffice-common
kde3-koffice-karbon
kde3-koffice-kchart
kde3-koffice-kexi
kde3-koffice-kformula
kde3-koffice-kivio
kde3-koffice-koshell
kde3-koffice-kplato
kde3-koffice-kpresenter
kde3-koffice-krita
kde3-koffice-kspread
kde3-koffice-kugar
kde3-koffice-kword
kde3-kosd
kde4-digikam
kde4-k3b
kde4-k9copy
kde4-kblogger
kde4-kftpgrabber
kde4powersave
kde4-raptor
kdeaccessibility
kdeaccessibility-kttsd
kdeaddons-atlantik
kdeaddons-kate
kdeaddons-kfile-plugins
kdeaddons-kicker-applets
kdeaddons-konqimagegallery
kdeaddons-konq-plugins
kdeadmin
kdeadmin-kpackage
kdeadmin-ksysv
kdeadmin-lilo
kdeartwork-screensavers
kdeartwork-screensavers-gl
kdebase4-runtime
kdebase4-workspace
kdebase-common
kdebase-kate
kdebase-kdeprintfax
kdebase-kmenuedit
kdebase-konsole
kdebase-ksysguard
kdebase-nsplugins
kdebluetooth
kdeedu
kdegames
kdegraphics-common
kdegraphics-kcolorchooser
kdegraphics-kcoloredit
kdegraphics-kdvi
kdegraphics-kfax
kdegraphics-kghostview
kdegraphics-kiconedit
kdegraphics-kolourpaint
kdegraphics-kooka
kdegraphics-kpdf
kdegraphics-kpovmodeler
kdegraphics-kruler
kdegraphics-ksnapshot
kdegraphics-kuickshow
kdegraphics-kview
kdegraphics-mrmlsearch
kdelibs-common
kdemultimedia-arts
kdemultimedia-common
kdemultimedia-juk
kdemultimedia-kaboodle
kdemultimedia-kaudiocreator
kdemultimedia-kmid
kdemultimedia-kmix
kdemultimedia-krec
kdemultimedia-kscd
kdemultimedia-noatun
kdenetwork-common
kdenetwork-kdict
kdenetwork-kget
kdenetwork-knewsticker
kdenetwork-kopete
kdenetwork-kppp
kdenetwork-krfb
kdenetwork-ksirc
kdenetwork-ktalk
kdenetwork-kwifimanager
kdenlive
kdepasswd
kdepim4-akonadi
kdepim4-core
kdepim4-wizards
kdepim-akregator
kdepim-common
kdepim-kaddressbook
kdepim-kandy
kdepim-karm
kdepim-kitchensync
kdepim-kmail
kdepim-knode
kdepim-knotes
kdepim-kontact
kdepim-korganizer
kdepim-korn
kdepim-kpilot
kdepim-ktnef
kdepim-wizards
kdesdk
kdesdk-cervisia
kdesdk-kbabel
kdesdk-kcachegrind
kdesdk-kompare
kdesdk-umbrello
kdesvn
kde-theme-baghira
kdetoys
kdetoys-kweather
kdetv
kdeutils-ark
kdeutils-common
kdeutils-kcalc
kdeutils-kcharselect
kdeutils-kdf
kdeutils-kedit
kdeutils-kfloppy
kdeutils-kgpg
kdeutils-khexedit
kdeutils-kjots
kdeutils-klaptop
kdeutils-kmilo
kdeutils-ktimer
kdeutils-kwalletmanager
kdeutils-superkaramba
kdevelop
kdevmon
kdewebdev
kdewebdev-kfilereplace
kdewebdev-kommander
kdf
kdiamond
kdiff3
kdirstat
kdmtheme
keepassx
kerry
keurocalc
kexchange
kexi
kfilereplace
kfind
kfiresaver3d
kflickr
kflog
kfloppy
kformula
kfourinline
kftpgrabber
kgeography
kget
kggs
kgoldrunner
kgpg
kgraphviewer
kguitar
khangman
khttrack
kiax
kiba-dock
kicad
kickarts
kickpim
kifi
kig
kiki
kile
kima
kimagemapeditor
kimg2mpg
kinfocenter
kino
kiosktool
kio-sysinfo
kiriki
kirocker
kiso
kiten
kivio
kjots
kjumpingcube
kkbswitch
kkeyled
klamav
klavaro
klcc
kleansweep
klear
kleopatra
klettres
klibido
klines
klinkstatus
klogic
klvemkdvd
kmag
kmahjongg
kmail
kmasqdialer
kmediafactory
kmediagrab
kmenc15
kmerlin
kmess
kmiditracker
kmines
kmix
kmousetool
kmouth
kmovisto
kmplot
kmusicdb
kmyfirewall
kmymoney2
knemo
knetfilter
knetload
knetwalk
knetworkmanager
knewspost
knights
knmap
knoda
knode
knotes
knowit
knutclient
kode
kodos
koffice-core
koffice-karbon
koffice-kexi
koffice-kformula
koffice-kivio
koffice-koshell
koffice-kplato
koffice-kpresenter
koffice-krita
koffice-kspread
koffice-kugar
koffice-kword
koffice-progs
kolabadmin
kolf
kollision
kolourpaint
kommander
komnibook
kompare
kompose
kompozer
konference
konqueror
konquest
konserve
konsole
kontact
konversation
konvert
konverter
kopete
korganizer
korn
koules
kover
koverartist
kpackage
kpanels
kpat
kpdftool
kpercentage
kphone
kphotoalbum
kplato
kplayer
kpodder
kpopup
kpowersave
kppp
kpresenter
kpsk
kradio
krandr
krdc
krecipes
kredentials
kreetingkard
krename
kreversi
krfb
krita
krootwarning
krozat
kruler
krusader
ksalup
ksame
kscd
kscope
ksendfax
ksensors
kshisen
kshowmail
kshutdown
ksig
ksirk
ksmarttray
ksmoothdock
ksnapshot
ksniffer
ksociograma
kspaceduel
kspread
ksquares
ksquirrel
kssh
ksshagent
kst
kstars
ksteak
kstreamripper
ksubtile
ksubtitleripper
ksudoku
ksynaptics
ksystemlog
ktail
ktb
kteatime
ktechlab
ktemperature
kterm
ktimer
ktimetracker
ktnef
ktoon
ktorrent
ktouch
kttsd
ktuberling
kturtle
ktvschedule
kuake
kubrick
kuftp
kugel
kuiviewer
kuser
kvdr
kvdrmon
kvirc
kvisualboyadvance
kvpnc
kwallet
kwave
kwavecontrol
kword
kwordquiz
kworldclock
kwrite
kxdocker
kxmame
kxmleditor
kxsldbg
kxstitch
kzenexplorer
labplot
ladcca
lash
last-exit
lastfm-player
lastpod
lat
lavaps
lbreakout2
leafpad
leif
lgeneral
lib64qt3-devel
libbonoboui
libgnomekbd
libqt3-devel
licq
liferea
lincity-ng
LinCompta
links-graphic
links-hacked
LinNeighborhood
linpacker
linphone
linpopup
lintalk
linuxdcpp
linuxsms
linuxwacom-controlpanel
liquidwar
lisa
listen
listgarden
lives
lmarbles
lmms
lnkmusic
localize
loemu
log4j
lokalize
loki_patch-fix
lopster
lpairs
lphoto
lplayer
lprof
lskat
lsr
ltris
luma
lumiere
luola
lxappearance
lxcontrol
lxrandr
lxtask
lxterminal
lyx
madbomber
Maelstrom
mahjongg3d
mail-notification
mailody
mando
mandriva-doc-Drakxtools-Guide-de
mandriva-doc-Drakxtools-Guide-en
mandriva-doc-Drakxtools-Guide-es
mandriva-doc-Drakxtools-Guide-fr
mandriva-doc-Drakxtools-Guide-it
mandriva-doc-Drakxtools-Guide-pt_br
mandriva-doc-DVD-Booklet-en
mandriva-doc-DVD-Booklet-fr
mandriva-doc-DVD-Booklet-pt_br
mandriva-doc-Introducing-en
mandriva-doc-Introducing-fr
mandriva-doc-Introducing-lt
mandriva-doc-Introducing-pt_br
mandriva-doc-Mastering-Manual-en
mandriva-doc-Mastering-Manual-fr
mandriva-doc-Mastering-Manual-ru
mandriva-doc-Starter-de
mandriva-doc-Starter-en
mandriva-doc-Starter-es
mandriva-doc-Starter-fr
mandriva-doc-Starter-it
mandrivamenu
mandvd
manedit
maniadrive
manslide
marble
marlin
mas-control-apps
matchbox-panel
matchbox-panel-manager
mathomatic
mathplot
maxemumtvguide
maxima-gui
mb-applet-input-manager
mb-applet-volume
mcatalog
mdbtools-gui
medit
megamek
meld
memprof
mergeant
methane
mgm
mhwaveedit
micropolis
midicontroller
midori
mille-xterm-soundapplet
minisip
mirage
miro
mixxx
mkvtoolnix
mldonkey-gui
mlterm
mlview
mm3d
moblin-image-creator
molrender
monkey-bubble
monodevelop
monosim
monotone-viz
mono-tools
monsoon
monster-masher
monsterz
motv
mountloop
mousepad
mozilla-firefox
mozilla-sunbird
mozilla-thunderbird
mp3info
mp3valgui
mplayer-gui
mrxvt
mscore
mt_gtk_client
mtink
mtr-gtk
mugshot
muine
multi-aterm
multiget
multi-gnome-terminal
multisync-gui
mures
muse
MyODBC
mypasswordsafe
mysql-administrator
mysqlard
mysql-query-browser
mysql-workbench
mythtv-frontend
mythtv-setup
nabi
nagios-www
natmonitor
nautilus
nautilus-actions
nautilus-cd-burner
nedit
nemiver
nepomuk-kde
nessus-client
netbeans-ide
netdisco
nethack_falconseye
netpanzer
netswitch
networkmanager-openvpn
networkmanager-vpnc
neverball
nexuiz-glx
nexuiz-sdl
nfoview
nicotine
nil
nip2
nmap-frontend
nodeview
notecase
noteedit
notemeister
notification-daemon-xfce
nted
ntfs-config
nuclearchess
nuface
nulog
nvclock-gtk
nvclock-qt3
nvtv
nxtvepg
obconf
octave
ogle_gui
ogmrip
OilWar
oki
okteta
okular
old_rpmdrake
olive
onefinger
onestroke
oooqs2
open1xsupplicant
openalchemist
openarena
opencity
OpenDX
openftd
opengrade
openldev
openlierox
openmortal
openmovieeditor
openmsx
openoffice.org
openoffice.org64
openoffice.org64-base
openoffice.org64-calc
openoffice.org64-common
openoffice.org64-draw
openoffice.org64-impress
openoffice.org64-math
openoffice.org64-writer
openoffice.org-base
openoffice.org-calc
openoffice.org-common
openoffice.org-draw
openoffice.org-impress
openoffice.org-math
openoffice.org-writer
opensi-client
openttd
openvcp-web
openvpn-admin
opera
opkdekiosk
oprofile-gui
orage
orbital_eunuchs_sniper
orca
oregano
oxim
oxine
padevchooser
paman
pan
paprefs
paraview
paraview-mpi
park-rpmdrake
parley
passepartout
patriarche
patriarche-en
patriarche-html
patriarche-html-en
patriarche-pdf
patriarche-pdf-en
pavucontrol
pavuk
pavumeter
pcmanfm
pcmanx-gtk2
pdfedit
penguin-command
penguintv
pente
pessulus
pgaccess
pgadmin3
pgworksheet
photoprint
phpldapadmin
phpmsadmin
phpmyadmin
phppgadmin
picard
piclab
pidgin
piklab
pinball
pine
pingus
pinot
pioneers
pioneers-server-gtk
pitivi
plan
planeshift
planner
playonlinux
plee-the-bear
plt-drscheme
poedit
poker-network
pokerth
PolarViewer
policycoreutils-gui
policykit-gnome
polyxmass
ponyprog2000
popfile
pornview
potracegui
powermanga
powershell
powertweak-gtk
pptp-php-gtk
prboom
prboom-gl
prioutil
prismstumbler
projectx
prokyon3
prophet
psi
psindustrializer
pureadmin
putty
pw
pws
pybliographer
pydance
pyDict
pymol
pypar2
pysol
pysycache
python2.4-docs
python-card
python-coherence-applet
python-docs
python-mezogis
qalculate-gtk
qalculate-kde
qamix
qarecord
qcad
qcomicbook
qdvdauthor
qemulator
qemu-launcher
qfaxreader
qgis
qjackconnect
qjackctl
qjoypad
qlandkarte
qmc2
qmidiarp
qps
qsampler
qstardict
qsynaptics
qsynth
qt4-assistant
qt4-designer
qt4-linguist
qtemu
qterm
qtiplot
qtoctave
qtparted
qtpfsgui
qtradio
qt-recordmydesktop
qtstalker
quadkonsole
quadra
quake2
quake2-ctf
quake2-rogue
quake2-xatrix
quakeforge-clients-fbdev
quakeforge-clients-glx
quakeforge-clients-sdl
quakeforge-clients-sdlgl
quakeforge-clients-x11
quasar-client
quat
qucs
quicklist
quodlibet
qvcd
raine
raine-neocd
rapaigawpoker
rapidsvn
rasmol
rawstudio
R-base
rbbr
reactivision
RealPlayer
recoll
referencer
regexxer
revelation
rezound
rfbdrake
rhythmbox
ri-li
ristretto
rkward
rlplot
rmedigicontrol
roadmap
rocksndiamonds
root-tail
rosegarden
rox
rpmdrake
rp-pppoe-gui
rss_glx
rss_glx-matrixview
rssowl
ruby-qt4
rute
rutilt
rxvt
rxvt-CJK
rxvt-unicode
sabayon-admin
sagasu
sakuraplayer
samba-swat
sancho-gui
sane-frontends
sawfish
scid
scigraphica
scilab
scim-common
scite
scorched3d
scourge
screem
screenlets
scribes
scribus
scummvm
scummvm-beneath-a-steel-sky
scummvm-flight-of-the-amazon-queen
sdlroids
sdlvexed
seahorse
seamonkey
seamonkey-irc
seamonkey-mail
searchandrescue
secondlife
segusoLand
semantik
seq24
serpentine
setools-gui
sfc
sffview
sharpmusique
SheepShaver
showimg
siag-common
silky
sim
simple-ccsm
sipbomber
sirius
sk1
skijump
skim
skobo
skype
slune
smart-gui
smb4k
smc
smoothslidesaver
smpeg-player
smplayer
smtprc-frontend
snackAmp
snd
snes9x-gtk
solarwolf
solfege
solseek
sonata
songs
songwrite
soundconverter
sound-juicer
soundkonverter
soundtracker
spacepong
spe
spearfish-grass
SpiralLoops
SpiralSynth
spiralsynthmodular
SportsTracker
spring
springlobby
sqlgui
sqliteman
squeak-vm
squeeze
stardict
starfighter
starvoyager
stella
stellarium
step
stepmania
stickers
stormbaancoureur
straw
streamtuner
subtitleeditor
sulu
sunclock
superburgerwld
superkaramba
supertux
supertuxkart
svlc
swami
sweep
sweeper
swfdec-gnome
sylpheed
synaptic
synce-kde
synce-kpm
synce-software-manager
synce-trayicon
sysctlconfig
sysprof
system-config-audit
system-config-printer
systemsettings-kde3
system-switch-java
tabatha
tagtool
tangerine
tango-generator
tapiocaui
taskjuggler
tasks
tastymenu
teagtk
ted
teg
tellico
tengen
terminal
terminal-server2
terminator
terminatorX
tesseracttrainer
tetex-xdvi
texlive-xdvi
TeXmacs
texmaker
tgif
themonospot
thoggen
thunar
thunar-volman
tightvnc
tilda
tilp
timemachine
timevault
TiMidity++
tinyerp-client
tipp10
tkcvs
tkdvd
tkeca
tkinter2.4
tkinter-apps
tksysv
tn5250
tomboy
toppler
torcs
tork
totem-common
tovid
tpad
trackballs
tracker-preferences
tracker-search-tool
transkode
transmission
traverso
tremulous
trigger-rally
trix
trophy
tsclient
tulip
tutka
tux_aqfh
tuxguitar
tuxkart
tuxmathscrabble
tuxpaint
tuxpuck
tuxsetup
tuxtype
tvtime
twinkle
tx
typespeed
ufraw
uim
uim-qt
ultimatestunts
umbrello
umtsmon
unison
unixODBC-gui-qt
uqm
urlgfe
userdrake
valknut
vavoom
vdrift
vegastrike
verbiste-gtk
vertex
vice
vidalia
viewmol
vigor
viking
vim-X11
vinagre
vino
virt-manager
virtualbox
VisualBoyAdvance
vkeybd
vlc
vnc
VOCP
VOCP-web
vxretail
vym
wallpapoz
wammu
warzone2100
wavbreaker
wavesurfer
webmin
wengophone
wesnoth
wherever-racer
white_dune
widelands
wifi-radar
wine
wine-doors
wings3d
winpdb
wireshark
wlanfe
wlassistant
wmakerconf
wmapm
wmbattery
wmcoincoin
wmcpuload
wmcube
wmdf
wmfire
wmfishtime
wmglobe
wmix
wmlaptop
wmmemmon
wmMoonClock
wmnd
wmnet
wmnut
wmpop3lb
wmsmixer
wmsmpmon
wmstock
wmsysmon
wmtv
wmwebcam
wmwifi
wmxss
worker
workrave
workrave-kde-applet
worminator
wormux
wxGlade
wxmaxima
wxosmose
wxPythonGTK-tools
x11-driver-video-nvidia173
x11-driver-video-nvidia71xx
x11-driver-video-nvidia96xx
x11-driver-video-nvidia-current
x3270
x48
xaos
xarchiver
xarchon
xawtv
xbill
xblast
xboard
xca
xcave
xcdroast
xcircuit-tcl
XCombust
xconq-sdl
xconq-tcltk
xcpc
xcpustate
xchat
xchat-gnome
xchm
xdaliclock
xdosemu
xdrawchem
xdtv
xdvi
xdvik
xearth
xemacs
xfbib
xfburn
xfce4-appfinder
xfce4-dict
xfce4-mixer
xfce4-panel
xfce4-session
xfce4-taskmanager
xfce-mcs-manager
xfce-mcs-plugins
xfdesktop
xfdiff
xfe
xfig
xfmedia
xfmpc
xfprint
xfvnc
xfwm4
xgngeo
xgospel
xhippo
xine-ui
xkill
xlockmore
xlogical
xmailbox
xmakemol
xmame-SDL
xmame-x11
xmess-SDL
xmess-x11
xmltv-druid
xmms
xmorph
xmoto
xmris
xnc
xosview
xournal
xpad
xpaint
xpat2
xpdf
xpenguins
xpilot
xpired
xpn
xpp
xqf
xrick
xrmap
xrn
xroar
xrpm
xsane
xscavenger
xscorch
xscreensaver
xsiag
xsidplay
xskat
xsnow
xsoldier
xstroke
xsw
xsw-monitor
xsw-unvedit
xsysinfo
xtel
xterm
xtraceroute
xtux
xu4
xv
xvidcap
xvkbd
xwpick
xxgdb
yabause-gtk
yabause-qt
yadex
yakuake
yammi
yate-gtk2
yelp
yudit
z42tool
zapping
zhu3d
zim
zinf
zsnes
ZynAddSubFX
