3ddesktop
4stAttack
AlephOne
BasiliskII
BomberInstinct
CriticalMass
Eterm
ExEf
FileRunner
GSnes9x
GTorrentViewer
LightZone
LinCompta
Maelstrom
OilWar
OpenDX
PolarViewer
R-base
RealPlayer
SheepShaver
SpiralLoops
SpiralSynth
SportsTracker
TeXmacs
TiMidity++
VOCP
VOCP-web
VisualBoyAdvance
XCombust
abe
abiword
abiword-plugin-impexp
abuse_sdl
accerciser
acidrip
acroread
adonthell-wastesedge
aegisub
affinity-search
agave
airfart
airstrike
akpi
akregator
alacarte
albumshaper
alevt
alexandria
alienblaster
alienpool
alleyoop
alltray
alsa-patch-bay
alsamixergui
alsaplayer
amarok
amaya
amor
amphetamine
ams
amsn
amule
amyedit
angelwars
anjuta2
ant-phone
apollon
aqsis
ardour
arena
ark
arka
armagetron
arnold
arora
asc
assaultcube
asteroids3D
asunder
atanks
aterm
atomix
atunes
audacious
audacity
aumix
autopano-sift
autoscan
autozen
avahi-python
avahi-x11
avant-window-navigator
avidemux-gtk
avidemux-qt
ayttm
babytrans
bacula-bat
bacula-console-gnome
bacula-console-wx
bacula-tray-monitor
balazar
balazarbrothers
balsa
bandsaw
banshee
banter
barrage
barry-gui
basket
battfink
bbconf
bbkeys
bbrun
beagle-gui
beast
beatforce
beid
bibletime
bibus
bidwatcher
bigforth
billreminder
biloba
birt
bitstormlite
bkchem
blam
blender
blinken
blobby
bloboats
blobwars
blogtk
bluedj-hall
bluefish
blueman
bluez-gnome
bluez-gnome-analyzer
bmpx
boa-constructor
bobobot
boinc-manager
bomber
booh
bos
bouml
bovo
bpconf
bpmdj
brasero
briquolo
brutalchess
bsc
bubblemon
bug-buddy
bugsquish
bumprace
burgerspace
bygfoot
bzflag
bzr-gtk
cairo-clock
cairo-dock
calcchecksum
camdump
camlgrenouille
camorama
camstream
canonutil
caprice32
catfish
ccsm
cd-mason
cdrdao-gcdmaster
cdvst
celestia
cellwriter
cervisia
cgoban1
chbg
cheese
cheesetracker
chemtool
cheops-ng
childsplay
chmsee
chromium
cinelerra
cinepaint
circuslinux
cire
civil
civil-editor
clamtk
clanbomber
clanbomber2
clauer
claws-mail
cmake-qtgui
codeblocks
codeina
codeine
cog
comix
compiz
conduit
configure-thinkpad
configure-trackpoint
conglomerate
congruity
contacts
cooledit
coondog
copter-commander
coralftp
cowbell
crack-attack
cream
creox
crimson-fields
crossfire-client
crossvc
csboard
csmash
cssed
cuiterm
cultivation
cupid
cups
cursor_themes
cutecom
cuyo
d-feet
d2x-rebirth-gl
d2x-rebirth-sdl
d2x-xl
d4x
dangerdeep
dap
dark-oberon
dasher
dates
dayplanner
dboxfe
dc_gui2
dcmo5
dcto9p
ddccontrol
ddd
decibel-audio-player
defendguin
deluge
denemo
desmume
desmume-glade
devede
devhelp
devicesync
dia
digger
digikam
dillo
ding
dino
disksearch
distcc-gnome-monitor
diva
djview4
djvulibre
dlume
dogtail
dolphin
dopewars
dopi
dosbox
downman
dowser
dragonplayer
drakbackup
drakbt
drakconf
drakfax
drakfon
draklive-install
drakmenustyle
drakmsync
drakpxelinux
drakstats
draksync
drakvirt
drakx-net
drakxtools-curses
drcss
drgeo
drgeocaml
driconf
drivel
drpython
dvdrip
dvdstyler
dvr
easychem
easytag
eboard
ebview
ecamegapedal
ecasound
ecawave
ecell
echomixer
eclipse-platform
ed2k-gtk-gui
edje_editor
edje_viewer
edyuk
ee
efax-gtk
egoboo
egon
eiciel
ekiga
elementary
elicit
elisa
elitaire
emacs
emacs-gtk
emelfm
emelfm2
emerald
emesene
emi
emma
empathy
emphasis
endeavour
enemylines4
enigma
enigma-freeoxyd
enlightenment
enna
envy24control
eog
epdfview
ephoto
epic4
epiphany
eqonomize
eric
ermixer
eroaster
estickies
esvn
etherape
etswitch
eva
evince
evolution
evolvotron
exaile
exim-monitor
exmh
exo
expedite
extace
extrackt
extremetuxracer
f-spot
f4l
falf
fbdesk
fbida
fbreader
feh
fennec
fetchmailconf
fglrx-control-center
file-roller
file2divx3pass
filelight
filezilla
fillets-ng
findbugs
firefox
firestarter
fityk
flamerobin
flashplayer
flightgear
flphoto
flumotion
fluxstyle
fontforge
foobillard
fotoxx
fox-example-apps
fpm
frameworks
fred
freebirth
freeciv-client
freeciv-server
freecol
freedroid
freedroidrpg
freego
freej
freelords
freemind
freeplayer
freevo
freqtweak
frescobaldi
fretscale
fricorder
frodo
frontline
frozen-bubble
fsv
ftd4linux
fte
fuse-emulator
fusion-icon
fvwm
fwbuilder
fyre
g3DGMV
g3data
gabedit
gaby
gadmin-bind
gadmin-dhcpd
gadmin-httpd
gadmin-openvpn-client
gadmin-openvpn-server
gadmin-proftpd
gadmin-rsync
gadmin-samba
gadmin-squid
gai-album
gai-bgswitcher
gai-blobs
gai-leds
gai-mailcounter
gai-pal
gai-sun
gai-visual-audio
gajim
galan
galaxium
galculator
galeon
gamazons
gambas2-ide
ganyremote
gapcmon
garlic
gastman
gav
gazpacho
gbrainy
gcalctool
gcfilms
gchem3d
gchemcalc
gchempaint
gchemtable
gcin
gcolor2
gcombust
gcompris
gconf-editor
gconfpref
gcrystal
gcstar
gcursor
gdesklets
gdevilspie
gdict
gdis
geany
geda-gattrib
geda-gschem
gedit
gedit-root
gemdropx
genchemlab
genius
gens
gens-gs
geogebra
gerbv
gexif
gfontsampler
gforth
gftp
gg2
gget
ggradebook
ggv
ggz-gnome-client
ggz-gtk-client
ggz-kde-client
ggz-kde-games
ggz-txt-client
ghemical
ghex
giFTcurs
giggle
gigolo
gimageview
gimp
gjay
gjots2
gkrellm
gksu
gksu-utils
gl-117
glabels
glade3
glame
glest
glightoff
glinuxsms
glista
gliv
globulation2
glom
gltron
gmasqdialer
gmemusage
gmerlin
gmorgan
gmpc
gmudix
gmusicbrowser
gmysqlcc
gneutronica
gnochm
gnocky
gnoise
gnokii-xgnokii
gnomad2
gnome-alsamixer
gnome-blog
gnome-breakout
gnome-chess
gnome-commander
gnome-control-center
gnome-cups-manager
gnome-db2.0
gnome-desktop
gnome-device-manager
gnome-games
gnome-hearts
gnome-jabber
gnome-kerberos
gnome-keyring-manager
gnome-lirc-properties
gnome-main-menu
gnome-media
gnome-menus
gnome-mplayer
gnome-mud
gnome-nettool
gnome-packagekit
gnome-panel
gnome-phone-manager
gnome-photo-printer
gnome-pilot
gnome-pkgview
gnome-power-manager
gnome-ppp
gnome-scan
gnome-schedule
gnome-screensaver
gnome-session
gnome-splash-properties
gnome-sshman
gnome-subtitles
gnome-system-monitor
gnome-system-tools
gnome-terminal
gnome-user-share
gnome-utils
gnome-volume-manager
gnomebaker
gnomeboyadvance
gnomecatalog
gnomeicu
gnomeradio
gnomesword
gnometab
gnomolicious
gnomoradio
gnormalize
gnosefart
gnozip
gns3
gnubg
gnubiff
gnubik
gnucash
gnuitar
gnumeric
gnumexp
gnunet-gtk
gnuplot
gnurobbo
gnusim8085
gnusound
gnutu
gobby
gocr-devel
gok
goobox
google-apps-installer
google-gadgets-gtk
google-gadgets-qt
goosnes
gossip
gourmet
gournal
gpa
gparted
gpass
gperiodic
gpgp
gphone
gphoto
gphpedit
gpicview
gpixpod
gpodder
gpomme
gpppoem
gprolog
gprsec
gpsd-clients
gpsdrive
gpspoint
gq
gqmpeg
gqueue
gqview
grace
gramps
grany
grass
graveman
grdesktop
greenwich
gretl
gretools
grhino
grip
grisbi
grpn
grsync
grustibus
gscan2pdf
gscore
gscrot
gset-compiz
gshowtv
gsmartcontrol
gspectrum
gstm
gsynaptics
gtetrinet
gthumb
gtk-chtheme
gtk-gnutella
gtk-iptables
gtk-recordmydesktop
gtk-theme-switch
gtkam
gtkasp2php
gtkatlantic
gtkdive
gtkfind
gtkgep
gtkguitune
gtklp
gtkmotd
gtknetcat
gtkpod
gtkpsproc
gtktalog
gtkterm
gtkwave
gtodo
gtranslator
gtuxnes
gtvg
gtweakui
guake
guarddog
gucharmap
guikachu
gurlchecker
gurpmi
gv
gv4l
gwc
gwcc
gweled
gwenrename
gwenview
gwget
gwine
gxine
gxmame
gyachi
hackwhite_dune
harddrake-ui
hardinfo
hatari
hattrick-organizer
hdspconf
hdspmixer
hedgewars
helixplayer
heroes
hexamine
hexcalc
highmoon
hinetradio
hipo
holotz-castle
holotz-castle-editor
homebank
horgand
hotwire
howto-html-de
howto-html-el
howto-html-en
howto-html-es
howto-html-fi
howto-html-fr
howto-html-hu
howto-html-id
howto-html-it
howto-html-ja
howto-html-ko
howto-html-nl
howto-html-pl
howto-html-ro
howto-html-sl
howto-html-sv
howto-html-zh
hplip-gui
htmldoc
htop
httrack
hugin
hugo
hv3
hydrogen
iaxcomm
ibWebAdmin
ibus
ical
icebreaker
icecream-monitor
icemon
icepodder
im-ja
image-analyzer
imagemagick-desktop
imgSeek
inkscape
inventory
ioquake3
iqnotes
irrlamb
irrlicht
isomaster
istanbul
italc-master
iv
jabbim
jabbin
jack-rack
jackbeat
jackeq
jackmix
jamin
java-1.6.0-openjdk
java-1.6.0-openjdk-devel
java-1.6.0-sun
java-1.6.0-sun-devel
jigdo
jircii
joe
jokosher
jools
joomla-administrator
jpilot
jrpm
juk
jumpnbump
junkie
k3b
k3d
k3dsurf
kaconnect
kaddressbook
kadu
kaffeine
kaffeine4
kalarm
kalgebra
kalva
kalzium
kanagram
kannadic
kapacity
kapman
kappfinder
kapptemplate
karbon
kardsgt
kasablanca
kasumi
katapult
kate
katomic
katoob
kaudiocreator
kavi2svcd
kazehakase
kbarcode
kbattleship
kbbtray
kbib
kbibtex
kbiff
kblackbox
kblocks
kblogger
kboincmgr
kboincspy
kbounce
kbreakout
kbruch
kbudget
kbugbuster
kcachegrind
kcalc
kcall
kcdlabel
kcharselect
kcheckers
kcheckgmail
kchmviewer
kcolorchooser
kcoloredit
kconfigldap
kcpuload
kdar
kdbg
kde-theme-baghira
kde3-k9copy
kde3-kio-sysinfo
kde3-kjsembed
kde4-extragear-sysadmin-kiosktool
kde4-extragear-sysadmin-partitionmanager
kde4-k9copy
kde4-style-bespin
kdeaccessibility
kdeaccessibility-kttsd
kdeaccessibility3
kdeaccessibility3-kttsd
kdeaddons-atlantik
kdeaddons-kate
kdeaddons-kfile-plugins
kdeaddons-kicker-applets
kdeadmin
kdeadmin-kpackage
kdeadmin-ksysv
kdeadmin-lilo
kdeadmin4-system-config-printer-kde
kdeartwork-screensavers
kdeartwork-screensavers-gl
kdebase3-common
kdebase3-kate
kdebase3-kdeprintfax
kdebase3-kmenuedit
kdebase3-konsole
kdebase3-ksysguard
kdebase3-nsplugins
kdebase4-runtime
kdebase4-workspace
kdebluetooth4
kdegames
kdegraphics-common
kdegraphics-kcolorchooser
kdegraphics-kdvi
kdegraphics-kghostview
kdegraphics-kolourpaint
kdegraphics-kooka
kdegraphics-kpdf
kdegraphics-kruler
kdegraphics-ksnapshot
kdegraphics-kuickshow
kdegraphics-kview
kdegraphics-mrmlsearch
kdelibs-common
kdelibs3-common
kdelibs4-core
kdemultimedia-kaudiocreator
kdenetwork-common
kdenetwork-kdict
kdenetwork-kget
kdenetwork-knewsticker
kdenetwork-kopete
kdenetwork-kppp
kdenetwork-krfb
kdenetwork-ksirc
kdenetwork-ktalk
kdenetwork-kwifimanager
kdenlive
kdepasswd
kdepim-akregator
kdepim-common
kdepim-kaddressbook
kdepim-kandy
kdepim-karm
kdepim-kitchensync
kdepim-kmail
kdepim-knode
kdepim-knotes
kdepim-kontact
kdepim-korganizer
kdepim-korn
kdepim-kpilot
kdepim-ktnef
kdepim-wizards
kdepim4-akonadi
kdepim4-wizards
kdesdk
kdesdk-cervisia
kdesdk-kbabel
kdesdk-kcachegrind
kdesdk-kompare
kdesdk-umbrello
kdesvn
kdetoys
kdetoys-kweather
kdetv
kdeutils-ark
kdeutils-common
kdeutils-kcalc
kdeutils-kcharselect
kdeutils-kdf
kdeutils-kedit
kdeutils-kfloppy
kdeutils-kgpg
kdeutils-khexedit
kdeutils-kjots
kdeutils-klaptop
kdeutils-kmilo
kdeutils-ktimer
kdeutils-kwalletmanager
kdeutils-superkaramba
kdevelop
kdevelop4
kdevmon
kdewebdev
kdewebdev-kfilereplace
kdewebdev-kommander
kdf
kdiamond
kdiff3
kdirstat
kdmtheme
keepassx
kepas
kerry
keurocalc
kexchange
kfax
kfilereplace
kfind
kflickr
kflog
kfloppy
kfourinline
kftpgrabber
kgeography
kget
kggs
kgoldrunner
kgpg
kgraphviewer
kguitar
khangman
khttrack
kiax
kiba-dock
kicad
kickarts
kiconedit
kid3
kifi
kig
kiki
kile
killbots
kima
kimagemapeditor
kinfocenter
kino
kio-sysinfo
kiosktool
kipi-plugins
kiriki
kirocker
kiso
kiten
kjots
kjumpingcube
kkbswitch
kkeyled
klamav
klavaro
klcc
kleansweep
klear
kleopatra
klettres
klibido
klines
klinkstatus
klogic
kmag
kmahjongg
kmail
kmasqdialer
kmediafactory
kmediagrab
kmenc15
kmess
kmiditracker
kmines
kmix
kmousetool
kmouth
kmovisto
kmplayer
kmplot
kmuddy
kmusicdb
kmyfirewall
kmymoney2
knemo
knetfilter
knetload
knetwalk
knetworkmanager
knewspost
knights
knmap
knoda
knode
knotes
knowit
knutclient
kode
kodos
koffice-core
kolabadmin
kolf
kollision
kolourpaint
kommander
komnibook
kompare
kompose
kompozer
konference
konqueror
konquest
konsole
kontact
konversation
konvert
konverter
kopete
korganizer
koules
kover
koverartist
kpackage
kpackagekit
kpanels
kpat
kpcontrol
kpdftool
kphonesi
kphotoalbum
kpilot
kplato
kplayer
kpodder
kpopup
kpovmodeler
kppp
kpresenter
kpsk
kradio
kradioripper
krandr
krdc
krecipes
kredentials
kreetingkard
krename
kreversi
krfb
krita
krootwarning
krozat
kruler
krusader
ksalup
ksame
kscd
kscope
ksendfax
ksensors
kshisen
kshowmail
kshutdown
ksig
ksirk
ksmarttray
ksmoothdock
ksnapshot
ksniffer
ksociograma
kspaceduel
kspread
ksquares
ksquirrel
kssh
ksshagent
ksshaskpass
kst
kstars
kstreamripper
ksubtile
ksubtitleripper
ksudoku
ksynaptics
ksystemlog
ktail
ktb
kteatime
ktechlab
ktemperature
kterm
ktimer
ktimetracker
ktoon
ktorrent
ktouch
kttsd
ktuberling
kturtle
ktvschedule
kuake
kubrick
kuftp
kugel
kuiviewer
kuser
kvdr
kvdrmon
kvirc
kvisualboyadvance
kvpnc
kwallet
kwave
kword
kwordquiz
kwrite
kxdocker
kxmame
kxmleditor
kxsldbg
kxstitch
kzenexplorer
labplot
ladcca
lash
last-exit
lastfm-player
lastpod
lat
lavaps
lbreakout2
leafpad
lecaviste
leif
lemonpos
lgeneral
lib64qt3-devel
libbonoboui
libgnomedb4.0
libgnomekbd
libqt3-devel
licq-qt4
liferea
lincity-ng
links-graphic
links-hacked
linpacker
linphone
linpopup
lintalk
linuxdcpp
linuxsms
linuxwacom-controlpanel
liquidwar
lisa
listen
listgarden
lives
lmarbles
lmms
lnkmusic
loemu
log4j
logjam
lokalize
loki_patch-fix
lopster
lottanzb
lpairs
lphoto
lplayer
lprof
lskat
ltris
luma
lumiere
luola
lxappearance
lxcontrol
lxmusic
lxrandr
lxsession-edit
lxtask
lxterminal
lyx
madbomber
madman
mahjongg3d
mail-notification
mailody
mando
mandriva-doc-Drakxtools-Guide-en
mandriva-doc-Drakxtools-Guide-fr
mandriva-doc-Drakxtools-Guide-pt_br
mandriva-doc-Introducing-en
mandriva-doc-Introducing-fr
mandriva-doc-Introducing-pt_br
mandriva-doc-Mastering-Manual-en
mandriva-doc-Mastering-Manual-fr
mandriva-kde4-config-common
mandrivamenu
mandvd
manedit
maniadrive
manslide
mapnik-utils
marble
marlin
mas-control-apps
matchbox-keyboard
matchbox-panel
matchbox-panel-manager
mathomatic
mathplot
maxemumtvguide
maxima-gui
mb-applet-input-manager
mb-applet-volume
mdbtools-gui
medit
megamek
meld
memprof
mergeant
merkaartor
metacity
methane
mgm
mhwaveedit
micropolis
midicontroller
midori
mille-xterm-soundapplet
minisip
mirage
miro
mirrormagic
mixxx
mkvtoolnix
mldonkey-gui
mlterm
mlview
mm3d
moblin-image-creator
moblin-sample-apps
molrender
monkey-bubble
mono-tools
monodevelop
monosim
monotone-viz
monsoon
monster-masher
monsterz
moonshine-player
motv
mountloop
mousepad
mozilla-sunbird
mozilla-thunderbird
mp3info
mp3valgui
mplayer-gui
mrxvt
mscore
mt_gtk_client
mtink
mtr-gtk
mugshot
muine
multi-aterm
multiget
multisync-gui
mumble
mupen64plus
mures
muse
mypasswordsafe
mysql-administrator
mysql-connector-odbc
mysql-query-browser
mysql-workbench-oss
mythtv-frontend
mythtv-setup
nabi
nagios-www
natmonitor
nautilus
nautilus-actions
navit
ncview
nedit
nemiver
nepomuk-kde
nessus-client
nestopia
netbeans
netbeans-ide
netdisco
nethack_falconseye
netpanzer
networkmanager-openvpn
networkmanager-vpnc
neverball
nexuiz-glx
nexuiz-sdl
nfoview
nicotine
nil
nip2
nmap-frontend
nodeview
notecase
noteedit
notefinder
notemeister
notification-daemon
nted
ntfs-config
nuclearchess
nuface
nulog
nut-monitor
nvclock
nvtv
nxtvepg
obconf
octave
oggconvert
ogmrip
oki
okteta
okular
old_rpmdrake
olive
onefinger
onestroke
oooqs2
opeke
open1xsupplicant
openalchemist
openarena
opencity
openftd
opengrade
openldev
openlierox
openmortal
openmovieeditor
openmsx
openoffice.org-base
openoffice.org-calc
openoffice.org-common
openoffice.org-draw
openoffice.org-impress
openoffice.org-math
openoffice.org-writer
openoffice.org64-base
openoffice.org64-calc
openoffice.org64-common
openoffice.org64-draw
openoffice.org64-impress
openoffice.org64-math
openoffice.org64-writer
opensi-client
openttd
openvpn-admin
opera
opkdekiosk
oprofile-gui
orage
orbital_eunuchs_sniper
orca
oregano
oxim-setup
oxine
padevchooser
palapeli
paman
pan
paprefs
paraview
paraview-mpi
parcellite
park-rpmdrake
parley
partitionmanager
passepartout
pathological
patriarche
patriarche-en
patriarche-html
patriarche-html-en
patriarche-pdf
patriarche-pdf-en
pavucontrol
pavuk
pavumeter
pcmanfm
pcmanx-gtk2
pdfedit
penguin-command
penguintv
pente
pessulus
pgaccess
pgadmin3
pgworksheet
photoprint
phpldapadmin
phpmsadmin
phpmyadmin
phppgadmin
picard
pidgin
piklab
pinball
pine
pingus
pinot
pioneers
pioneers-server-gtk
pitivi
plan
planeshift
planner
plasma-applet-bball
plasma-applet-binaryclock
plasma-applet-bluemarble
plasma-applet-calculator
plasma-applet-calendar
plasma-applet-charselect
plasma-applet-email-notify
plasma-applet-eyes
plasma-applet-facebook
plasma-applet-fifteenpuzzle
plasma-applet-folderview
plasma-applet-i-hate-the-cashew
plasma-applet-incomingmsg
plasma-applet-konqprofiles
plasma-applet-konsoleprofiles
plasma-applet-kworldclock
plasma-applet-lancelot
plasma-applet-lastmoid
plasma-applet-leavenote
plasma-applet-life
plasma-applet-luna
plasma-applet-news
plasma-applet-nowplaying
plasma-applet-panelspacer
plasma-applet-paste
plasma-applet-pastebin
plasma-applet-playwolf
plasma-applet-previewer
plasma-applet-quickaccess
plasma-applet-quicklaunch
plasma-applet-quicklauncher
plasma-applet-raptor
plasma-applet-rsibreak
plasma-applet-rssnow
plasma-applet-showdashboard
plasma-applet-showdesktop
plasma-applet-system-monitor-cpu
plasma-applet-system-monitor-hdd
plasma-applet-system-monitor-hwinfo
plasma-applet-system-monitor-net
plasma-applet-system-monitor-temperature
plasma-applet-timer
plasma-applet-weather
plasma-applet-weatherstation
plasma-applet-webbrowser
playonlinux
plee-the-bear
plt-drscheme
poedit
poker-network
pokerth
policycoreutils-gui
policykit-gnome
polyxmass
ponyprog2000
popfile
potracegui
powermanga
powershell
prboom
prboom-gl
projectx
prokyon3
psi
psindustrializer
pureadmin
putty
pw
pws
pyDict
pyNeighborhood
pybliographer
pydance
pymol
pypar2
pysol
pysycache
python-card
python-coherence-applet
python-docs
python-mezogis
python2.4-docs
qalculate-gtk
qalculate-kde
qamix
qarecord
qcad
qcomicbook
qdevelop
qdvdauthor
qelectrotech
qemu-launcher
qemulator
qfaxreader
qgis
qjackconnect
qjackctl
qjoypad
qlandkartegt
qmc2
qmidiarp
qmmp
qps
qsampler
qstardict
qsynaptics
qsynth
qt-creator
qt-recordmydesktop
qt4-assistant
qt4-designer
qt4-linguist
qtemu
qterm
qtiplot
qtoctave
qtparted
qtpfsgui
qtractor
qtradio
qtstalker
quadkonsole
quadra
quake2
quake2-ctf
quake2-rogue
quake2-xatrix
quakeforge-clients-fbdev
quakeforge-clients-glx
quakeforge-clients-sdl
quakeforge-clients-sgl
quakeforge-clients-x11
quasar-client
quassel
quassel-client
quat
qucs
quicklist
quodlibet
qutecom
qvcd
raine
raine-neocd
rakarrack
rapaigawpoker
rapidsvn
rasmol
rawstudio
rbbr
reactivision
recoll
referencer
regexxer
revelation
rezound
rfbdrake
rhythmbox
ri-li
ripperx
ristretto
rkward
rlplot
rmedigicontrol
roadmap
rocksndiamonds
root-tail
rosegarden
rox
rp-pppoe-gui
rpmdrake
rsibreak
rss_glx
rss_glx-matrixview
rssowl
ruby-qt4
rubyripper-gtk
rute
rutilt
rxvt
rxvt-CJK
rxvt-unicode
sabayon-admin
sagasu
samba-swat
sancho-gui
sane-frontends
sawfish
scigraphica
scilab
scim-common
scite
scorched3d
scourge
screem
screenlets
scribes
scribus
scummvm
scummvm-beneath-a-steel-sky
scummvm-flight-of-the-amazon-queen
sdlroids
sdlscav
sdlvexed
seahorse
seahorse-plugins
seamonkey
seamonkey-irc
seamonkey-mail
searchandrescue
secondlife
semantik
seq24
setools-gui
sfc
sffview
sharpmusique
shutter
siag-common
sim
simple-ccsm
sipbomber
sirius
sk1
skanlite
skijump
skim
skobo
skrooge
skype
slune
smart-gui
smb4k
smc
smolt-gui
smoothslidesaver
smplayer
smtprc-frontend
snackAmp
snd
snes9x-gtk
solarwolf
solfege
solseek
sonata
songbird
songs
songwrite
sound-juicer
soundconverter
soundkonverter
soundtracker
sourceinstall-gtk
spacepong
spe
spearfish-grass
specimen
spiralsynthmodular
spring
springlobby
sqlgui
sqliteman
squeak-vm
squeeze
stardict
starfighter
starvoyager
stella
stellarium
step
stepmania
stickers
stopmotion
stormbaancoureur
straw
streamtuner
subcomposer
subdownloader
subtitleeditor
sulu
sunclock
superburgerwld
superkaramba
supertux
supertuxkart
svlc
swami
sweep
sweeper
swfdec-gnome
swimpomuk
sylpheed
synce-kde
synce-software-manager
synce-trayicon
synfigstudio
sysctlconfig
sysprof
system-config-audit
system-config-cluster
system-config-printer
system-switch-java
systemsettings-kde3
tabatha
tagtool
tangerine
tango-generator
tangogps
tapiocaui
taskjuggler
tasks
tastymenu
teagtk
teaqt
ted
teeworlds
teg
tellico
tengen
terminal
terminal-server2
terminator
terminatorX
tesseracttrainer
tetex-xdvi
texlive-xdvi
texmaker
tgif
themonospot
thoggen
thunar
thunar-volman
tightvnc
tilda
timemachine
timevault
tinyerp-client
tipp10
tkcvs
tkdvd
tkeca
tkiaxphone
tkinter-apps
tn5250
tomboy
toppler
torcs
tork
totem-common
tovid
tpad
trackballs
tracker-preferences
tracker-search-tool
transkode
transmission
traverso
tremulous
trigger-rally
trix
trophy
tsclient
tulip
tutka
tux_aqfh
tuxguitar
tuxkart
tuxmath
tuxmathscrabble
tuxpaint
tuxpuck
tuxtype
tvtime
twinkle
twitux
tx
typespeed
ucview
ufraw
uim
ultimatestunts
umbrello
umtsmon
unison
upnp-inspector
uqm
urlgfe
userdrake
valknut
vavoom
vbam
vdrift
vegastrike
verbiste-gtk
vertex
vice
vidalia
viewmol
vigor
viking
vim-X11
vinagre
vino
virt-manager
virtaal
virtualbox
vkeybd
vlc
vmc
vnc
vodafone-mobile-connect
vuze
vxretail
vym
wallpapoz
wammu
warzone2100
wavbreaker
wavesurfer
webmin
wesnoth
wherever-racer
white_dune
wicd
widelands
wifi-radar
wine
wine-doors
wings3d
winpdb
wireshark
wlanfe
wmMoonClock
wmakerconf
wmapm
wmbattery
wmcoincoin
wmcpuload
wmcube
wmdf
wmfire
wmfishtime
wmglobe
wmix
wmlaptop
wmmemmon
wmnd
wmnet
wmnut
wmpop3lb
wmsmixer
wmsmpmon
wmstock
wmsysmon
wmtv
wmwebcam
wmwifi
wmxss
worker
workrave
workrave-kde-applet
worminator
wormux
wxGlade
wxPythonGTK-tools
wxmaxima
wxosmose
x11-driver-video-nvidia-current
x11-driver-video-nvidia173
x11-driver-video-nvidia71xx
x11-driver-video-nvidia96xx
x11vnc
x3270
x48
xaos
xarchiver
xarchon
xawtv
xbill
xblast
xboard
xca
xcave
xcdroast
xchat
xchat-gnome
xchm
xcircuit-tcl
xconq-sdl
xconq-tcltk
xcpc
xcpustate
xdaliclock
xdosemu
xdrawchem
xdtv
xdvi
xdvik
xearth
xemacs
xfbib
xfburn
xfce4-appfinder
xfce4-dict
xfce4-mixer
xfce4-notifyd
xfce4-panel
xfce4-power-manager
xfce4-screenshooter
xfce4-sensors-plugin
xfce4-session
xfce4-settings
xfce4-taskmanager
xfdesktop
xfdiff
xfe
xfig
xfmpc
xfprint
xfwm4
xgngeo
xgospel
xhippo
xine-ui
xkill
xlockmore
xlogical
xmailbox
xmakemol
xmame-SDL
xmame-x11
xmess-SDL
xmess-x11
xmltv-druid
xmms
xmorph
xmoto
xmris
xnc
xosview
xournal
xpad
xpaint
xpat2
xpdf
xpenguins
xpilot
xpired
xpn
xpp
xqf
xrick
xrmap
xrn
xroar
xrpm
xsane
xscavenger
xscorch
xscreensaver
xsiag
xsidplay
xskat
xsnow
xsoldier
xstroke
xsw
xsw-monitor
xsw-unvedit
xsysinfo
xtel
xterm
xtraceroute
xtrlock
xtux
xv
xvidcap
xvideoservicethief
xvkbd
xwpick
xxgdb
yabause-gtk
yabause-qt
yadex
yahqtzee
yakuake
yate-qt4
yelp
yudit
z42tool
zapping
zhu3d
zim
zinf
zsnes
zynaddsubfx
